Archive member included because of file (symbol)

C:/Freescale/CW MCU v10.5/MCU/ARM_GCC_Support/ewl/lib/armv7e-m\libc.a(printf.o)
                              ./Project_Sources/comms.o (printf)
C:/Freescale/CW MCU v10.5/MCU/ARM_GCC_Support/ewl/lib/armv7e-m\libc.a(puts.o)
                              ./cpu/arm_cm4.o (puts)
C:/Freescale/CW MCU v10.5/MCU/ARM_GCC_Support/ewl/lib/armv7e-m\libc.a(exit.o)
                              ./Project_Settings/Startup_Code/__arm_start.o (exit)
C:/Freescale/CW MCU v10.5/MCU/ARM_GCC_Support/ewl/lib/armv7e-m\libc.a(memset.o)
                              ./Project_Settings/Startup_Code/__arm_start.o (memset)
C:/Freescale/CW MCU v10.5/MCU/ARM_GCC_Support/ewl/lib/armv7e-m\libc.a(printformat_.o)
                              (__pformatter_)
C:/Freescale/CW MCU v10.5/MCU/ARM_GCC_Support/ewl/lib/armv7e-m\libc.a(__putchar.o)
                              C:/Freescale/CW MCU v10.5/MCU/ARM_GCC_Support/ewl/lib/armv7e-m\libc.a(puts.o) (__put_char)
C:/Freescale/CW MCU v10.5/MCU/ARM_GCC_Support/ewl/lib/armv7e-m\libc.a(ansi_files.o)
                              C:/Freescale/CW MCU v10.5/MCU/ARM_GCC_Support/ewl/lib/armv7e-m\libc.a(printf.o) (__files)
C:/Freescale/CW MCU v10.5/MCU/ARM_GCC_Support/ewl/lib/armv7e-m\libc.a(fflush.o)
                              C:/Freescale/CW MCU v10.5/MCU/ARM_GCC_Support/ewl/lib/armv7e-m\libc.a(ansi_files.o) (fflush)
C:/Freescale/CW MCU v10.5/MCU/ARM_GCC_Support/ewl/lib/armv7e-m\libc.a(fwrite.o)
                              C:/Freescale/CW MCU v10.5/MCU/ARM_GCC_Support/ewl/lib/armv7e-m\libc.a(printf.o) (__FileWrite)
C:/Freescale/CW MCU v10.5/MCU/ARM_GCC_Support/ewl/lib/armv7e-m\libc.a(__filll_mem.o)
                              C:/Freescale/CW MCU v10.5/MCU/ARM_GCC_Support/ewl/lib/armv7e-m\libc.a(memset.o) (__fill_mem)
C:/Freescale/CW MCU v10.5/MCU/ARM_GCC_Support/ewl/lib/armv7e-m\libc.a(__memrchr.o)
                              C:/Freescale/CW MCU v10.5/MCU/ARM_GCC_Support/ewl/lib/armv7e-m\libc.a(fwrite.o) (__memrchr)
C:/Freescale/CW MCU v10.5/MCU/ARM_GCC_Support/ewl/lib/armv7e-m\libc.a(memchr.o)
                              C:/Freescale/CW MCU v10.5/MCU/ARM_GCC_Support/ewl/lib/armv7e-m\libc.a(printformat_.o) (memchr)
C:/Freescale/CW MCU v10.5/MCU/ARM_GCC_Support/ewl/lib/armv7e-m\libc.a(memcpy.o)
                              C:/Freescale/CW MCU v10.5/MCU/ARM_GCC_Support/ewl/lib/armv7e-m\libc.a(fwrite.o) (memcpy)
C:/Freescale/CW MCU v10.5/MCU/ARM_GCC_Support/ewl/lib/armv7e-m\libc.a(strchr.o)
                              C:/Freescale/CW MCU v10.5/MCU/ARM_GCC_Support/ewl/lib/armv7e-m\libc.a(printformat_.o) (strchr)
C:/Freescale/CW MCU v10.5/MCU/ARM_GCC_Support/ewl/lib/armv7e-m\libc.a(strlen.o)
                              C:/Freescale/CW MCU v10.5/MCU/ARM_GCC_Support/ewl/lib/armv7e-m\libc.a(printformat_.o) (strlen)
C:/Freescale/CW MCU v10.5/MCU/ARM_GCC_Support/ewl/lib/armv7e-m\libc.a(__buffer_io.o)
                              C:/Freescale/CW MCU v10.5/MCU/ARM_GCC_Support/ewl/lib/armv7e-m\libc.a(__putchar.o) (__prep_buffer)
c:/freescale/cw mcu v10.5/cross_tools/arm-none-eabi-gcc-4_7_3/bin/../lib/gcc/arm-none-eabi/4.7.3/armv7e-m\libgcc.a(_arm_addsubsf3.o)
                              ./Project_Sources/comms.o (__aeabi_ui2f)
C:/Freescale/CW MCU v10.5/MCU/ARM_GCC_Support/ewl/lib/armv7e-m\libhosted.a(semihosted_console_io.o)
                              C:/Freescale/CW MCU v10.5/MCU/ARM_GCC_Support/ewl/lib/armv7e-m\libc.a(ansi_files.o) (__read_console)
C:/Freescale/CW MCU v10.5/MCU/ARM_GCC_Support/ewl/lib/armv7e-m\libhosted.a(semihosted_file_io.o)
                              C:/Freescale/CW MCU v10.5/MCU/ARM_GCC_Support/ewl/lib/armv7e-m\libhosted.a(semihosted_console_io.o) (__write_file)
C:/Freescale/CW MCU v10.5/MCU/ARM_GCC_Support/ewl/lib/armv7e-m\librt.a(gcc_ctor_dtor.o)
                              ./Project_Settings/Startup_Code/__arm_start.o (__init_cpp)
C:/Freescale/CW MCU v10.5/MCU/ARM_GCC_Support/ewl/lib/armv7e-m\librt.a(ROMCopy.o)
                              ./Project_Settings/Startup_Code/__arm_start.o (__copy_rom_sections_to_ram)
C:/Freescale/CW MCU v10.5/MCU/ARM_GCC_Support/ewl/lib/armv7e-m\librt.a(__arm_eabi_init.o)
                              C:/Freescale/CW MCU v10.5/MCU/ARM_GCC_Support/ewl/lib/armv7e-m\libc.a(exit.o) (__destroy_global_chain)
C:/Freescale/CW MCU v10.5/MCU/ARM_GCC_Support/ewl/lib/armv7e-m\libc.a(alloc.o)
                              C:/Freescale/CW MCU v10.5/MCU/ARM_GCC_Support/ewl/lib/armv7e-m\libhosted.a(semihosted_file_io.o) (malloc)
C:/Freescale/CW MCU v10.5/MCU/ARM_GCC_Support/ewl/lib/armv7e-m\libc.a(strcpy.o)
                              C:/Freescale/CW MCU v10.5/MCU/ARM_GCC_Support/ewl/lib/armv7e-m\libhosted.a(semihosted_file_io.o) (strcpy)

Allocating common symbols
Common symbol       size              file

exec_flag           0x4               ./Project_Sources/exec.o
sys_mode            0x4               ./Project_Sources/hello_world.o
[...]
Memory Configuration

Name             Origin             Length             Attributes
m_interrupts     0x1fff8000         0x000001e0         xr
m_text           0x1fff81e0         0x00007e20         xr
m_data           0x20000000         0x00008000         rw
*default*        0x00000000         0xffffffff

Linker script and memory map

LOAD ./Project_Settings/Startup_Code/kinetis_sysinit.o
LOAD ./Project_Settings/Startup_Code/__arm_start.o
LOAD ./Project_Settings/Startup_Code/__arm_end.o
LOAD ./Project_Sources/ui.o
LOAD ./Project_Sources/serv.o
LOAD ./Project_Sources/schd.o
LOAD ./Project_Sources/mot.o
LOAD ./Project_Sources/lcd.o
LOAD ./Project_Sources/hl.o
LOAD ./Project_Sources/hello_world.o
LOAD ./Project_Sources/exec.o
LOAD ./Project_Sources/cont.o
LOAD ./Project_Sources/comms.o
LOAD ./Project_Sources/cam.o
LOAD ./Project_Sources/adc.o
LOAD ./cpu/sysinit.o
LOAD ./cpu/arm_cm4.o
LOAD ./drivers/adc16/adc16.o
LOAD ./drivers/mcg/mcg.o
LOAD ./drivers/uart/uart.o
LOAD ./drivers/wdog/wdog.o
                0x1fffa204                __pformatter = __pformatter_
START GROUP
LOAD C:/Freescale/CW MCU v10.5/MCU/ARM_GCC_Support/ewl/lib/armv7e-m\libc.a
LOAD C:/Freescale/CW MCU v10.5/MCU/ARM_GCC_Support/ewl/lib/armv7e-m\libm.a
LOAD c:/freescale/cw mcu v10.5/cross_tools/arm-none-eabi-gcc-4_7_3/bin/../lib/gcc/arm-none-eabi/4.7.3/armv7e-m\libgcc.a
LOAD C:/Freescale/CW MCU v10.5/MCU/ARM_GCC_Support/ewl/lib/armv7e-m\libhosted.a
LOAD C:/Freescale/CW MCU v10.5/MCU/ARM_GCC_Support/ewl/lib/armv7e-m\libuart.a
LOAD C:/Freescale/CW MCU v10.5/MCU/ARM_GCC_Support/ewl/lib/armv7e-m\librt.a
END GROUP
                0x20008000                _estack = 0x20008000
                0x20008000                __SP_INIT = _estack
                0x00000800                __heap_size = 0x800
                0x00000800                __stack_size = 0x800

.interrupts     0x1fff8000      0x1e0
                0x1fff8000                __vector_table = .
                0x1fff8000                . = ALIGN (0x4)
 *(.vectortable)
 .vectortable   0x1fff8000      0x1e0 ./Project_Settings/Startup_Code/kinetis_sysinit.o
                0x1fff8000                InterruptVector
                0x1fff81e0                . = ALIGN (0x4)

.text           0x1fff81e0     0x2898
                0x1fff81e0                . = ALIGN (0x4)
 *(.text)
 .text          0x1fff81e0       0x44 ./Project_Settings/Startup_Code/kinetis_sysinit.o
                0x1fff81e0                HardFault_Handler
                0x1fff81e0                SysTick_Handler
                0x1fff81e0                PendSV_Handler
                0x1fff81e0                NMI_Handler
                0x1fff81e0                UsageFault_Handler
                0x1fff81e0                BusFault_Handler
                0x1fff81e0                DebugMonitor_Handler
                0x1fff81e0                SVC_Handler
                0x1fff81e0                isr_default
                0x1fff81e0                MemManage_Handler
                0x1fff81e4                __init_hardware
                0x1fff8218                __init_user
                0x1fff8220                isrINT_NMI
 .text          0x1fff8224       0x48 ./Project_Settings/Startup_Code/__arm_start.o
                0x1fff8224                __thumb_startup
                0x1fff8268                __iar_program_start
 .text          0x1fff826c        0x4 ./Project_Settings/Startup_Code/__arm_end.o
                0x1fff826c                _ExitProcess
 .text          0x1fff8270      0x220 ./Project_Sources/ui.o
                0x1fff8270                ui_init
                0x1fff82b8                ui_isr
 .text          0x1fff8490       0xfc ./Project_Sources/serv.o
                0x1fff8490                serv_init
                0x1fff8510                serv_update
 .text          0x1fff858c       0xa4 ./Project_Sources/schd.o
                0x1fff858c                schd_init
 .text          0x1fff8630      0x138 ./Project_Sources/mot.o
                0x1fff8630                mot_init
                0x1fff86ec                mot_enable
                0x1fff8704                mot_disable
                0x1fff871c                mot_update
 .text          0x1fff8768      0x7a0 ./Project_Sources/lcd.o
                0x1fff8768                lcd_init
                0x1fff87e8                lcd_setDigit0
                0x1fff8898                lcd_setDigit1
                0x1fff894c                lcd_setDigit2
                0x1fff89fc                lcd_update
                0x1fff8b40                tlcd_set_numeric1
                0x1fff8c80                tlcd_set_numeric2
                0x1fff8dc0                tlcd_set_numeric3
 .text          0x1fff8f08       0x64 ./Project_Sources/hl.o
                0x1fff8f08                hl_init
                0x1fff8f3c                hl_on
                0x1fff8f54                hl_off
 .text          0x1fff8f6c       0x10 ./Project_Sources/hello_world.o
                0x1fff8f6c                main
 .text          0x1fff8f7c      0x1d0 ./Project_Sources/exec.o
                0x1fff8f7c                exec_init
                0x1fff9050                exec_isr
                0x1fff9090                exec_run
 .text          0x1fff914c      0x468 ./Project_Sources/cont.o
                0x1fff914c                cont_init
                0x1fff916c                cont_proc
 .text          0x1fff95b4      0x15c ./Project_Sources/cam.o
                0x1fff95b4                cam_enable
                0x1fff95c4                cam_disable
                0x1fff95d4                cam_init
                0x1fff965c                cam_isr
                0x1fff96d4                cam_start
 .text          0x1fff9710      0x118 ./Project_Sources/adc.o
                0x1fff9710                adc_init
                0x1fff97d4                adc_isr
                0x1fff9818                adc_start
 .text          0x1fff9828       0xc8 ./cpu/sysinit.o
                0x1fff9828                trace_clk_init
                0x1fff9848                fb_clk_init
                0x1fff9868                sysinit
 .text          0x1fff98f0      0x1f0 ./cpu/arm_cm4.o
                0x1fff98f0                stop
                0x1fff9904                wait
                0x1fff9918                write_vtor
                0x1fff9924                enable_irq
                0x1fff99e8                disable_irq
                0x1fff9aa8                set_irq_priority
 .text          0x1fff9ae0      0x3e4 ./drivers/mcg/mcg.o
                0x1fff9ae0                set_sys_dividers
                0x1fff9b64                pll_init
                0x1fff9cec                mcg_pee_2_blpi
                0x1fff9dbc                mcg_blpi_2_pee
                0x1fff9e8c                mcg_pbe_2_pee
 .text          0x1fff9ec4      0x114 ./drivers/uart/uart.o
                0x1fff9ec4                uart_init
                0x1fff9fb4                uart_getchar
                0x1fff9fc4                uart_putchar
                0x1fff9fd0                uart_getchar_present
 *(.text*)
 .text.puts     0x1fff9fd8       0x50 C:/Freescale/CW MCU v10.5/MCU/ARM_GCC_Support/ewl/lib/armv7e-m\libc.a(puts.o)
                0x1fff9fd8                puts
 .text.exit     0x1fffa028       0x38 C:/Freescale/CW MCU v10.5/MCU/ARM_GCC_Support/ewl/lib/armv7e-m\libc.a(exit.o)
                0x1fffa028                exit
 .text.memset   0x1fffa060        0xc C:/Freescale/CW MCU v10.5/MCU/ARM_GCC_Support/ewl/lib/armv7e-m\libc.a(memset.o)
                0x1fffa060                memset
 .text.long2str.isra.0
                0x1fffa06c      0x196 C:/Freescale/CW MCU v10.5/MCU/ARM_GCC_Support/ewl/lib/armv7e-m\libc.a(printformat_.o)
 *fill*         0x1fffa202        0x2 00
 .text.__pformatter_
                0x1fffa204      0x3f8 C:/Freescale/CW MCU v10.5/MCU/ARM_GCC_Support/ewl/lib/armv7e-m\libc.a(printformat_.o)
                0x1fffa204                __pformatter_
 .text.__put_char
                0x1fffa5fc       0x8c C:/Freescale/CW MCU v10.5/MCU/ARM_GCC_Support/ewl/lib/armv7e-m\libc.a(__putchar.o)
                0x1fffa5fc                __put_char
 .text.__fill_mem
                0x1fffa688       0x76 C:/Freescale/CW MCU v10.5/MCU/ARM_GCC_Support/ewl/lib/armv7e-m\libc.a(__filll_mem.o)
                0x1fffa688                __fill_mem
 .text.memchr   0x1fffa6fe       0x18 C:/Freescale/CW MCU v10.5/MCU/ARM_GCC_Support/ewl/lib/armv7e-m\libc.a(memchr.o)
                0x1fffa6fe                memchr
 .text.strchr   0x1fffa716       0x1a C:/Freescale/CW MCU v10.5/MCU/ARM_GCC_Support/ewl/lib/armv7e-m\libc.a(strchr.o)
                0x1fffa716                strchr
 .text.strlen   0x1fffa730       0x10 C:/Freescale/CW MCU v10.5/MCU/ARM_GCC_Support/ewl/lib/armv7e-m\libc.a(strlen.o)
                0x1fffa730                strlen
 .text.__prep_buffer
                0x1fffa740       0x16 C:/Freescale/CW MCU v10.5/MCU/ARM_GCC_Support/ewl/lib/armv7e-m\libc.a(__buffer_io.o)
                0x1fffa740                __prep_buffer
 .text.__flush_buffer
                0x1fffa756       0x36 C:/Freescale/CW MCU v10.5/MCU/ARM_GCC_Support/ewl/lib/armv7e-m\libc.a(__buffer_io.o)
                0x1fffa756                __flush_buffer
 .text.sys_writec
                0x1fffa78c        0xe C:/Freescale/CW MCU v10.5/MCU/ARM_GCC_Support/ewl/lib/armv7e-m\libhosted.a(semihosted_console_io.o)
                0x1fffa78c                sys_writec
 .text.sys_readc
                0x1fffa79a       0x10 C:/Freescale/CW MCU v10.5/MCU/ARM_GCC_Support/ewl/lib/armv7e-m\libhosted.a(semihosted_console_io.o)
                0x1fffa79a                sys_readc
 .text.__read_console
                0x1fffa7aa       0x1a C:/Freescale/CW MCU v10.5/MCU/ARM_GCC_Support/ewl/lib/armv7e-m\libhosted.a(semihosted_console_io.o)
                0x1fffa7aa                __read_console
 .text.__write_console
                0x1fffa7c4       0x1a C:/Freescale/CW MCU v10.5/MCU/ARM_GCC_Support/ewl/lib/armv7e-m\libhosted.a(semihosted_console_io.o)
                0x1fffa7c4                __write_console
 .text.__close_console
                0x1fffa7de        0x4 C:/Freescale/CW MCU v10.5/MCU/ARM_GCC_Support/ewl/lib/armv7e-m\libhosted.a(semihosted_console_io.o)
                0x1fffa7de                __close_console
 .text.sys_write
                0x1fffa7e2        0xe C:/Freescale/CW MCU v10.5/MCU/ARM_GCC_Support/ewl/lib/armv7e-m\libhosted.a(semihosted_file_io.o)
                0x1fffa7e2                sys_write
 .text.__write_file
                0x1fffa7f0       0x1c C:/Freescale/CW MCU v10.5/MCU/ARM_GCC_Support/ewl/lib/armv7e-m\libhosted.a(semihosted_file_io.o)
                0x1fffa7f0                __write_file
 .text.sys_read
                0x1fffa80c        0xe C:/Freescale/CW MCU v10.5/MCU/ARM_GCC_Support/ewl/lib/armv7e-m\libhosted.a(semihosted_file_io.o)
                0x1fffa80c                sys_read
 .text.__read_file
                0x1fffa81a       0x34 C:/Freescale/CW MCU v10.5/MCU/ARM_GCC_Support/ewl/lib/armv7e-m\libhosted.a(semihosted_file_io.o)
                0x1fffa81a                __read_file
 *fill*         0x1fffa84e        0x2 00
 .text.__init_cpp
                0x1fffa850       0x4c C:/Freescale/CW MCU v10.5/MCU/ARM_GCC_Support/ewl/lib/armv7e-m\librt.a(gcc_ctor_dtor.o)
                0x1fffa850                __init_cpp
 .text.__fini_cpp
                0x1fffa89c       0x34 C:/Freescale/CW MCU v10.5/MCU/ARM_GCC_Support/ewl/lib/armv7e-m\librt.a(gcc_ctor_dtor.o)
                0x1fffa89c                __fini_cpp
 .text.__copy_rom_section
                0x1fffa8d0       0x44 C:/Freescale/CW MCU v10.5/MCU/ARM_GCC_Support/ewl/lib/armv7e-m\librt.a(ROMCopy.o)
                0x1fffa8d0                __copy_rom_section
 .text.__copy_rom_sections_to_ram
                0x1fffa914       0x30 C:/Freescale/CW MCU v10.5/MCU/ARM_GCC_Support/ewl/lib/armv7e-m\librt.a(ROMCopy.o)
                0x1fffa914                __copy_rom_sections_to_ram
 .text.__destroy_global_chain
                0x1fffa944       0x18 C:/Freescale/CW MCU v10.5/MCU/ARM_GCC_Support/ewl/lib/armv7e-m\librt.a(__arm_eabi_init.o)
                0x1fffa944                __destroy_global_chain
 .text.__init_registers
                0x1fffa95c       0x24 C:/Freescale/CW MCU v10.5/MCU/ARM_GCC_Support/ewl/lib/armv7e-m\librt.a(__arm_eabi_init.o)
                0x1fffa95c                __init_registers
 *(.rodata)
 *(.rodata*)
 .rodata.str1.4
                0x1fffa980       0xec ./cpu/arm_cm4.o
 .rodata.str1.1
                0x1fffaa6c        0x1 C:/Freescale/CW MCU v10.5/MCU/ARM_GCC_Support/ewl/lib/armv7e-m\libc.a(printformat_.o)
 .rodata.CSWTCH.20
                0x1fffaa6d        0x5 C:/Freescale/CW MCU v10.5/MCU/ARM_GCC_Support/ewl/lib/armv7e-m\libc.a(printformat_.o)
 .rodata.CSWTCH.21
                0x1fffaa72        0x5 C:/Freescale/CW MCU v10.5/MCU/ARM_GCC_Support/ewl/lib/armv7e-m\libc.a(printformat_.o)
 *(.glue_7)
 .glue_7        0x00000000        0x0 linker stubs
 *(.glue_7t)
 .glue_7t       0x00000000        0x0 linker stubs
 *(.eh_frame)
 *(.init)
 *(.fini)
                0x1fffaa78                . = ALIGN (0x4)
 *fill*         0x1fffaa77        0x1 00
                0x1fffaa78                _etext = .

.vfp11_veneer   0x1fffaa78        0x0
 .vfp11_veneer  0x00000000        0x0 linker stubs

.v4_bx          0x1fffaa78        0x0
 .v4_bx         0x00000000        0x0 linker stubs

.iplt           0x1fffaa78        0x0
 .iplt          0x00000000        0x0 ./Project_Settings/Startup_Code/kinetis_sysinit.o

.rel.dyn        0x1fffaa78        0x0
 .rel.iplt      0x00000000        0x0 ./Project_Settings/Startup_Code/kinetis_sysinit.o

.ARM.extab
 *(.ARM.extab* .gnu.linkonce.armextab.*)

.ARM            0x1fffaa78        0x0
                0x1fffaa78                __exidx_start = .
 *(.ARM.exidx*)
                0x1fffaa78                __exidx_end = .

.ctors          0x1fffaa78        0x0
                0x1fffaa78                __CTOR_LIST__ = .
 *crtbegin.o(.ctors)
 *(EXCLUDE_FILE(*crtend.o) .ctors)
 *(SORT(.ctors.*))
 *(.ctors)
                0x1fffaa78                __CTOR_END__ = .

.dtors          0x1fffaa78        0x0
                0x1fffaa78                __DTOR_LIST__ = .
 *crtbegin.o(.dtors)
 *(EXCLUDE_FILE(*crtend.o) .dtors)
 *(SORT(.dtors.*))
 *(.dtors)
                0x1fffaa78                __DTOR_END__ = .

.preinit_array  0x1fffaa78        0x0
                0x1fffaa78                PROVIDE (__preinit_array_start, .)
 *(.preinit_array*)
                0x1fffaa78                PROVIDE (__preinit_array_end, .)

.init_array     0x1fffaa78        0x0
                0x1fffaa78                PROVIDE (__init_array_start, .)
 *(SORT(.init_array.*))
 *(.init_array*)
                0x1fffaa78                PROVIDE (__init_array_end, .)

.fini_array     0x1fffaa78        0x0
                0x1fffaa78                PROVIDE (__fini_array_start, .)
 *(SORT(.fini_array.*))
 *(.fini_array*)
                0x1fffaa78                PROVIDE (__fini_array_end, .)

.data           0x20000000       0xcc
                0x20000000                . = ALIGN (0x4)
                0x20000000                _sdata = .
 *(.data)
 *(.data*)
 .data.__files  0x20000000       0xcc C:/Freescale/CW MCU v10.5/MCU/ARM_GCC_Support/ewl/lib/armv7e-m\libc.a(ansi_files.o)
                0x20000000                __files
                0x200000cc                . = ALIGN (0x4)
                0x200000cc                _edata = .

.igot.plt       0x200000cc        0x0
 .igot.plt      0x00000000        0x0 ./Project_Settings/Startup_Code/kinetis_sysinit.o
                0x200000cc                . = ALIGN (0x4)

.bss            0x200000cc      0x6dc
                0x200000cc                __START_BSS = .
                0x200000cc                PROVIDE (__bss_start__, __START_BSS)
 *(.bss)
 .bss           0x200000cc        0x4 ./Project_Settings/Startup_Code/__arm_start.o
 *(.bss*)
 .bss.__stdio_exit
                0x200000d0        0x4 C:/Freescale/CW MCU v10.5/MCU/ARM_GCC_Support/ewl/lib/armv7e-m\libc.a(exit.o)
                0x200000d0                __stdio_exit
 .bss.__console_exit
                0x200000d4        0x4 C:/Freescale/CW MCU v10.5/MCU/ARM_GCC_Support/ewl/lib/armv7e-m\libc.a(exit.o)
                0x200000d4                __console_exit
 .bss.__S_romp  0x200000d8        0xc C:/Freescale/CW MCU v10.5/MCU/ARM_GCC_Support/ewl/lib/armv7e-m\librt.a(ROMCopy.o)
 .bss.__global_destructor_chain
                0x200000e4        0x4 C:/Freescale/CW MCU v10.5/MCU/ARM_GCC_Support/ewl/lib/armv7e-m\librt.a(__arm_eabi_init.o)
                0x200000e4                __global_destructor_chain
 *(COMMON)
 COMMON         0x200000e8        0x4 ./Project_Sources/ui.o
                0x200000e8                ui_menuState
 COMMON         0x200000ec        0x8 ./Project_Sources/serv.o
                0x200000ec                serv_flag
                0x200000f0                serv_angle
 COMMON         0x200000f4       0x78 ./Project_Sources/schd.o
                0x200000f4                schedules
                0x2000010c                frames1
                0x20000134                schedule2
                0x2000013c                frame1
                0x20000150                frame2
                0x20000164                testDisSchedule
 COMMON         0x2000016c       0x1c ./Project_Sources/mot.o
                0x2000016c                mot_motorSpeedA2
                0x20000170                mot_speedB
                0x20000174                mot_motorSpeedB2
                0x20000178                mot_motorSpeedA1
                0x2000017c                mot_flag
                0x20000180                mot_speedA
                0x20000184                mot_motorSpeedB1
 COMMON         0x20000188        0x4 ./Project_Sources/hello_world.o
                0x20000188                sys_mode
 COMMON         0x2000018c        0xc ./Project_Sources/exec.o
                0x2000018c                exec_flag
                0x20000190                exec_fI
                0x20000194                exec_sI
 COMMON         0x20000198      0x338 ./Project_Sources/cont.o
                0x20000198                cont_lineLoc
                0x2000019c                derivative
                0x2000032c                cont_disServUpdateCnt
                0x20000330                flag
                0x200004c0                cont_flag
                0x200004c4                numlaps
                0x200004c8                cutoff
                0x200004cc                cont_lineWidth
 COMMON         0x200004d0        0x8 ./Project_Sources/cam.o
                0x200004d0                cam_clockCounter
                0x200004d4                cam_flag
 COMMON         0x200004d8      0x204 ./Project_Sources/adc.o
                0x200004d8                adc_pixelIndex
                0x200004dc                adc_rawCameraData
 COMMON         0x200006dc        0xc ./cpu/sysinit.o
                0x200006dc                core_clk_mhz
                0x200006e0                core_clk_khz
                0x200006e4                periph_clk_khz
 COMMON         0x200006e8       0xc0 C:/Freescale/CW MCU v10.5/MCU/ARM_GCC_Support/ewl/lib/armv7e-m\libc.a(ansi_files.o)
                0x200006e8                stdout_buff
                0x20000728                stdin_buff
                0x20000768                stderr_buff
                0x200007a8                . = ALIGN (0x4)
                0x200007a8                __END_BSS = .
                0x200007a8                PROVIDE (__bss_end__, __END_BSS)

._user_heap_stack
                0x200007a8     0x1000
                0x200007a8                . = ALIGN (0x4)
                0x200007a8                PROVIDE (end, .)
                0x200007a8                PROVIDE (_end, .)
                0x200007a8                __heap_addr = .
                0x20000fa8                . = (. + __heap_size)
 *fill*         0x200007a8      0x800 00
                0x200017a8                . = (. + __stack_size)
 *fill*         0x20000fa8      0x800 00
                0x200017a8                . = ALIGN (0x4)
                0x00000000                __S_romp = 0x0

.ARM.attributes
                0x00000000       0x33
 *(.ARM.attributes)
 .ARM.attributes
                0x00000000       0x33 ./Project_Settings/Startup_Code/kinetis_sysinit.o
 .ARM.attributes
                0x00000033       0x33 ./Project_Settings/Startup_Code/__arm_start.o
 .ARM.attributes
                0x00000066       0x33 ./Project_Settings/Startup_Code/__arm_end.o
 .ARM.attributes
                0x00000099       0x33 ./Project_Sources/ui.o
 .ARM.attributes
                0x000000cc       0x33 ./Project_Sources/serv.o
 .ARM.attributes
                0x000000ff       0x33 ./Project_Sources/schd.o
 .ARM.attributes
                0x00000132       0x33 ./Project_Sources/mot.o
 .ARM.attributes
                0x00000165       0x33 ./Project_Sources/lcd.o
 .ARM.attributes
                0x00000198       0x33 ./Project_Sources/hl.o
 .ARM.attributes
                0x000001cb       0x33 ./Project_Sources/hello_world.o
 .ARM.attributes
                0x000001fe       0x33 ./Project_Sources/exec.o
 .ARM.attributes
                0x00000231       0x33 ./Project_Sources/cont.o
 .ARM.attributes
                0x00000264       0x33 ./Project_Sources/cam.o
 .ARM.attributes
                0x00000297       0x33 ./Project_Sources/adc.o
 .ARM.attributes
                0x000002ca       0x33 ./cpu/sysinit.o
 .ARM.attributes
                0x000002fd       0x33 ./cpu/arm_cm4.o
 .ARM.attributes
                0x00000330       0x33 ./drivers/mcg/mcg.o
 .ARM.attributes
                0x00000363       0x33 ./drivers/uart/uart.o
 .ARM.attributes
                0x00000396       0x33 C:/Freescale/CW MCU v10.5/MCU/ARM_GCC_Support/ewl/lib/armv7e-m\libc.a(puts.o)
 .ARM.attributes
                0x000003c9       0x33 C:/Freescale/CW MCU v10.5/MCU/ARM_GCC_Support/ewl/lib/armv7e-m\libc.a(exit.o)
 .ARM.attributes
                0x000003fc       0x33 C:/Freescale/CW MCU v10.5/MCU/ARM_GCC_Support/ewl/lib/armv7e-m\libc.a(memset.o)
 .ARM.attributes
                0x0000042f       0x33 C:/Freescale/CW MCU v10.5/MCU/ARM_GCC_Support/ewl/lib/armv7e-m\libc.a(printformat_.o)
 .ARM.attributes
                0x00000462       0x33 C:/Freescale/CW MCU v10.5/MCU/ARM_GCC_Support/ewl/lib/armv7e-m\libc.a(__putchar.o)
 .ARM.attributes
                0x00000495       0x33 C:/Freescale/CW MCU v10.5/MCU/ARM_GCC_Support/ewl/lib/armv7e-m\libc.a(ansi_files.o)
 .ARM.attributes
                0x000004c8       0x33 C:/Freescale/CW MCU v10.5/MCU/ARM_GCC_Support/ewl/lib/armv7e-m\libc.a(__filll_mem.o)
 .ARM.attributes
                0x000004fb       0x33 C:/Freescale/CW MCU v10.5/MCU/ARM_GCC_Support/ewl/lib/armv7e-m\libc.a(memchr.o)
 .ARM.attributes
                0x0000052e       0x33 C:/Freescale/CW MCU v10.5/MCU/ARM_GCC_Support/ewl/lib/armv7e-m\libc.a(strchr.o)
 .ARM.attributes
                0x00000561       0x33 C:/Freescale/CW MCU v10.5/MCU/ARM_GCC_Support/ewl/lib/armv7e-m\libc.a(strlen.o)
 .ARM.attributes
                0x00000594       0x33 C:/Freescale/CW MCU v10.5/MCU/ARM_GCC_Support/ewl/lib/armv7e-m\libc.a(__buffer_io.o)
 .ARM.attributes
                0x000005c7       0x33 C:/Freescale/CW MCU v10.5/MCU/ARM_GCC_Support/ewl/lib/armv7e-m\libhosted.a(semihosted_console_io.o)
 .ARM.attributes
                0x000005fa       0x33 C:/Freescale/CW MCU v10.5/MCU/ARM_GCC_Support/ewl/lib/armv7e-m\libhosted.a(semihosted_file_io.o)
 .ARM.attributes
                0x0000062d       0x33 C:/Freescale/CW MCU v10.5/MCU/ARM_GCC_Support/ewl/lib/armv7e-m\librt.a(gcc_ctor_dtor.o)
 .ARM.attributes
                0x00000660       0x33 C:/Freescale/CW MCU v10.5/MCU/ARM_GCC_Support/ewl/lib/armv7e-m\librt.a(ROMCopy.o)
 .ARM.attributes
                0x00000693       0x33 C:/Freescale/CW MCU v10.5/MCU/ARM_GCC_Support/ewl/lib/armv7e-m\librt.a(__arm_eabi_init.o)
OUTPUT(hello_world.elf elf32-littlearm)

.debug_info     0x00000000     0x83ff
 .debug_info    0x00000000      0x2d6 ./Project_Settings/Startup_Code/kinetis_sysinit.o
 .debug_info    0x000002d6      0x25f ./Project_Settings/Startup_Code/__arm_start.o
 .debug_info    0x00000535       0x5b ./Project_Settings/Startup_Code/__arm_end.o
 .debug_info    0x00000590      0x426 ./Project_Sources/ui.o
 .debug_info    0x000009b6      0x600 ./Project_Sources/serv.o
 .debug_info    0x00000fb6      0x1e9 ./Project_Sources/schd.o
 .debug_info    0x0000119f      0x68b ./Project_Sources/mot.o
 .debug_info    0x0000182a      0x807 ./Project_Sources/lcd.o
 .debug_info    0x00002031      0x424 ./Project_Sources/hl.o
 .debug_info    0x00002455       0xe4 ./Project_Sources/hello_world.o
 .debug_info    0x00002539      0x66e ./Project_Sources/exec.o
 .debug_info    0x00002ba7      0x31f ./Project_Sources/cont.o
 .debug_info    0x00002ec6      0x700 ./Project_Sources/cam.o
 .debug_info    0x000035c6      0x506 ./Project_Sources/adc.o
 .debug_info    0x00003acc      0x702 ./cpu/sysinit.o
 .debug_info    0x000041ce      0x4fc ./cpu/arm_cm4.o
 .debug_info    0x000046ca      0x793 ./drivers/mcg/mcg.o
 .debug_info    0x00004e5d      0x5b0 ./drivers/uart/uart.o
 .debug_info    0x0000540d      0x38a C:/Freescale/CW MCU v10.5/MCU/ARM_GCC_Support/ewl/lib/armv7e-m\libc.a(puts.o)
 .debug_info    0x00005797       0xe8 C:/Freescale/CW MCU v10.5/MCU/ARM_GCC_Support/ewl/lib/armv7e-m\libc.a(exit.o)
 .debug_info    0x0000587f       0xec C:/Freescale/CW MCU v10.5/MCU/ARM_GCC_Support/ewl/lib/armv7e-m\libc.a(memset.o)
 .debug_info    0x0000596b      0x50e C:/Freescale/CW MCU v10.5/MCU/ARM_GCC_Support/ewl/lib/armv7e-m\libc.a(printformat_.o)
 .debug_info    0x00005e79      0x3fa C:/Freescale/CW MCU v10.5/MCU/ARM_GCC_Support/ewl/lib/armv7e-m\libc.a(__putchar.o)
 .debug_info    0x00006273      0x4c6 C:/Freescale/CW MCU v10.5/MCU/ARM_GCC_Support/ewl/lib/armv7e-m\libc.a(ansi_files.o)
 .debug_info    0x00006739      0x135 C:/Freescale/CW MCU v10.5/MCU/ARM_GCC_Support/ewl/lib/armv7e-m\libc.a(__filll_mem.o)
 .debug_info    0x0000686e      0x120 C:/Freescale/CW MCU v10.5/MCU/ARM_GCC_Support/ewl/lib/armv7e-m\libc.a(memchr.o)
 .debug_info    0x0000698e      0x108 C:/Freescale/CW MCU v10.5/MCU/ARM_GCC_Support/ewl/lib/armv7e-m\libc.a(strchr.o)
 .debug_info    0x00006a96       0xeb C:/Freescale/CW MCU v10.5/MCU/ARM_GCC_Support/ewl/lib/armv7e-m\libc.a(strlen.o)
 .debug_info    0x00006b81      0x45d C:/Freescale/CW MCU v10.5/MCU/ARM_GCC_Support/ewl/lib/armv7e-m\libc.a(__buffer_io.o)
 .debug_info    0x00006fde      0x232 C:/Freescale/CW MCU v10.5/MCU/ARM_GCC_Support/ewl/lib/armv7e-m\libhosted.a(semihosted_console_io.o)
 .debug_info    0x00007210      0xc6a C:/Freescale/CW MCU v10.5/MCU/ARM_GCC_Support/ewl/lib/armv7e-m\libhosted.a(semihosted_file_io.o)
 .debug_info    0x00007e7a      0x136 C:/Freescale/CW MCU v10.5/MCU/ARM_GCC_Support/ewl/lib/armv7e-m\librt.a(gcc_ctor_dtor.o)
 .debug_info    0x00007fb0      0x19a C:/Freescale/CW MCU v10.5/MCU/ARM_GCC_Support/ewl/lib/armv7e-m\librt.a(ROMCopy.o)
 .debug_info    0x0000814a      0x2b5 C:/Freescale/CW MCU v10.5/MCU/ARM_GCC_Support/ewl/lib/armv7e-m\librt.a(__arm_eabi_init.o)

.debug_abbrev   0x00000000     0x2642
 .debug_abbrev  0x00000000      0x142 ./Project_Settings/Startup_Code/kinetis_sysinit.o
 .debug_abbrev  0x00000142      0x158 ./Project_Settings/Startup_Code/__arm_start.o
 .debug_abbrev  0x0000029a       0x54 ./Project_Settings/Startup_Code/__arm_end.o
 .debug_abbrev  0x000002ee      0x161 ./Project_Sources/ui.o
 .debug_abbrev  0x0000044f       0xe4 ./Project_Sources/serv.o
 .debug_abbrev  0x00000533       0xcf ./Project_Sources/schd.o
 .debug_abbrev  0x00000602       0xfc ./Project_Sources/mot.o
 .debug_abbrev  0x000006fe      0x1b3 ./Project_Sources/lcd.o
 .debug_abbrev  0x000008b1       0xc6 ./Project_Sources/hl.o
 .debug_abbrev  0x00000977       0x93 ./Project_Sources/hello_world.o
 .debug_abbrev  0x00000a0a      0x1ba ./Project_Sources/exec.o
 .debug_abbrev  0x00000bc4      0x12a ./Project_Sources/cont.o
 .debug_abbrev  0x00000cee      0x14e ./Project_Sources/cam.o
 .debug_abbrev  0x00000e3c      0x14d ./Project_Sources/adc.o
 .debug_abbrev  0x00000f89      0x188 ./cpu/sysinit.o
 .debug_abbrev  0x00001111      0x17e ./cpu/arm_cm4.o
 .debug_abbrev  0x0000128f      0x1ac ./drivers/mcg/mcg.o
 .debug_abbrev  0x0000143b      0x186 ./drivers/uart/uart.o
 .debug_abbrev  0x000015c1      0x10a C:/Freescale/CW MCU v10.5/MCU/ARM_GCC_Support/ewl/lib/armv7e-m\libc.a(puts.o)
 .debug_abbrev  0x000016cb       0x7a C:/Freescale/CW MCU v10.5/MCU/ARM_GCC_Support/ewl/lib/armv7e-m\libc.a(exit.o)
 .debug_abbrev  0x00001745       0x62 C:/Freescale/CW MCU v10.5/MCU/ARM_GCC_Support/ewl/lib/armv7e-m\libc.a(memset.o)
 .debug_abbrev  0x000017a7      0x200 C:/Freescale/CW MCU v10.5/MCU/ARM_GCC_Support/ewl/lib/armv7e-m\libc.a(printformat_.o)
 .debug_abbrev  0x000019a7       0xf8 C:/Freescale/CW MCU v10.5/MCU/ARM_GCC_Support/ewl/lib/armv7e-m\libc.a(__putchar.o)
 .debug_abbrev  0x00001a9f       0xfa C:/Freescale/CW MCU v10.5/MCU/ARM_GCC_Support/ewl/lib/armv7e-m\libc.a(ansi_files.o)
 .debug_abbrev  0x00001b99       0x87 C:/Freescale/CW MCU v10.5/MCU/ARM_GCC_Support/ewl/lib/armv7e-m\libc.a(__filll_mem.o)
 .debug_abbrev  0x00001c20       0x95 C:/Freescale/CW MCU v10.5/MCU/ARM_GCC_Support/ewl/lib/armv7e-m\libc.a(memchr.o)
 .debug_abbrev  0x00001cb5       0x89 C:/Freescale/CW MCU v10.5/MCU/ARM_GCC_Support/ewl/lib/armv7e-m\libc.a(strchr.o)
 .debug_abbrev  0x00001d3e       0x7a C:/Freescale/CW MCU v10.5/MCU/ARM_GCC_Support/ewl/lib/armv7e-m\libc.a(strlen.o)
 .debug_abbrev  0x00001db8      0x142 C:/Freescale/CW MCU v10.5/MCU/ARM_GCC_Support/ewl/lib/armv7e-m\libc.a(__buffer_io.o)
 .debug_abbrev  0x00001efa      0x137 C:/Freescale/CW MCU v10.5/MCU/ARM_GCC_Support/ewl/lib/armv7e-m\libhosted.a(semihosted_console_io.o)
 .debug_abbrev  0x00002031      0x275 C:/Freescale/CW MCU v10.5/MCU/ARM_GCC_Support/ewl/lib/armv7e-m\libhosted.a(semihosted_file_io.o)
 .debug_abbrev  0x000022a6       0x99 C:/Freescale/CW MCU v10.5/MCU/ARM_GCC_Support/ewl/lib/armv7e-m\librt.a(gcc_ctor_dtor.o)
 .debug_abbrev  0x0000233f      0x137 C:/Freescale/CW MCU v10.5/MCU/ARM_GCC_Support/ewl/lib/armv7e-m\librt.a(ROMCopy.o)
 .debug_abbrev  0x00002476      0x1cc C:/Freescale/CW MCU v10.5/MCU/ARM_GCC_Support/ewl/lib/armv7e-m\librt.a(__arm_eabi_init.o)

.debug_loc      0x00000000     0x2c27
 .debug_loc     0x00000000       0x20 ./Project_Settings/Startup_Code/kinetis_sysinit.o
 .debug_loc     0x00000020       0x40 ./Project_Sources/ui.o
 .debug_loc     0x00000060       0x20 ./Project_Sources/schd.o
 .debug_loc     0x00000080       0x20 ./Project_Sources/mot.o
 .debug_loc     0x000000a0      0x389 ./Project_Sources/lcd.o
 .debug_loc     0x00000429       0x20 ./Project_Sources/hello_world.o
 .debug_loc     0x00000449       0x40 ./Project_Sources/exec.o
 .debug_loc     0x00000489      0x39c ./Project_Sources/cont.o
 .debug_loc     0x00000825       0xa0 ./Project_Sources/cam.o
 .debug_loc     0x000008c5       0xba ./Project_Sources/adc.o
 .debug_loc     0x0000097f       0x20 ./cpu/sysinit.o
 .debug_loc     0x0000099f      0x121 ./cpu/arm_cm4.o
 .debug_loc     0x00000ac0      0x25c ./drivers/mcg/mcg.o
 .debug_loc     0x00000d1c      0x195 ./drivers/uart/uart.o
 .debug_loc     0x00000eb1       0x67 C:/Freescale/CW MCU v10.5/MCU/ARM_GCC_Support/ewl/lib/armv7e-m\libc.a(puts.o)
 .debug_loc     0x00000f18       0x3e C:/Freescale/CW MCU v10.5/MCU/ARM_GCC_Support/ewl/lib/armv7e-m\libc.a(exit.o)
 .debug_loc     0x00000f56       0x64 C:/Freescale/CW MCU v10.5/MCU/ARM_GCC_Support/ewl/lib/armv7e-m\libc.a(memset.o)
 .debug_loc     0x00000fba      0xbdc C:/Freescale/CW MCU v10.5/MCU/ARM_GCC_Support/ewl/lib/armv7e-m\libc.a(printformat_.o)
 .debug_loc     0x00001b96       0x87 C:/Freescale/CW MCU v10.5/MCU/ARM_GCC_Support/ewl/lib/armv7e-m\libc.a(__putchar.o)
 .debug_loc     0x00001c1d       0xb2 C:/Freescale/CW MCU v10.5/MCU/ARM_GCC_Support/ewl/lib/armv7e-m\libc.a(ansi_files.o)
 .debug_loc     0x00001ccf      0x12c C:/Freescale/CW MCU v10.5/MCU/ARM_GCC_Support/ewl/lib/armv7e-m\libc.a(__filll_mem.o)
 .debug_loc     0x00001dfb       0x62 C:/Freescale/CW MCU v10.5/MCU/ARM_GCC_Support/ewl/lib/armv7e-m\libc.a(memchr.o)
 .debug_loc     0x00001e5d       0x7c C:/Freescale/CW MCU v10.5/MCU/ARM_GCC_Support/ewl/lib/armv7e-m\libc.a(strchr.o)
 .debug_loc     0x00001ed9       0x26 C:/Freescale/CW MCU v10.5/MCU/ARM_GCC_Support/ewl/lib/armv7e-m\libc.a(strlen.o)
 .debug_loc     0x00001eff      0x144 C:/Freescale/CW MCU v10.5/MCU/ARM_GCC_Support/ewl/lib/armv7e-m\libc.a(__buffer_io.o)
 .debug_loc     0x00002043      0x165 C:/Freescale/CW MCU v10.5/MCU/ARM_GCC_Support/ewl/lib/armv7e-m\libhosted.a(semihosted_console_io.o)
 .debug_loc     0x000021a8      0x7e5 C:/Freescale/CW MCU v10.5/MCU/ARM_GCC_Support/ewl/lib/armv7e-m\libhosted.a(semihosted_file_io.o)
 .debug_loc     0x0000298d       0x9d C:/Freescale/CW MCU v10.5/MCU/ARM_GCC_Support/ewl/lib/armv7e-m\librt.a(gcc_ctor_dtor.o)
 .debug_loc     0x00002a2a       0xb9 C:/Freescale/CW MCU v10.5/MCU/ARM_GCC_Support/ewl/lib/armv7e-m\librt.a(ROMCopy.o)
 .debug_loc     0x00002ae3      0x144 C:/Freescale/CW MCU v10.5/MCU/ARM_GCC_Support/ewl/lib/armv7e-m\librt.a(__arm_eabi_init.o)

.debug_aranges  0x00000000      0x5a0
 .debug_aranges
                0x00000000       0x20 ./Project_Settings/Startup_Code/kinetis_sysinit.o
 .debug_aranges
                0x00000020       0x20 ./Project_Settings/Startup_Code/__arm_start.o
 .debug_aranges
                0x00000040       0x20 ./Project_Settings/Startup_Code/__arm_end.o
 .debug_aranges
                0x00000060       0x20 ./Project_Sources/ui.o
 .debug_aranges
                0x00000080       0x20 ./Project_Sources/serv.o
 .debug_aranges
                0x000000a0       0x20 ./Project_Sources/schd.o
 .debug_aranges
                0x000000c0       0x20 ./Project_Sources/mot.o
 .debug_aranges
                0x000000e0       0x20 ./Project_Sources/lcd.o
 .debug_aranges
                0x00000100       0x20 ./Project_Sources/hl.o
 .debug_aranges
                0x00000120       0x20 ./Project_Sources/hello_world.o
 .debug_aranges
                0x00000140       0x20 ./Project_Sources/exec.o
 .debug_aranges
                0x00000160       0x20 ./Project_Sources/cont.o
 .debug_aranges
                0x00000180       0x20 ./Project_Sources/cam.o
 .debug_aranges
                0x000001a0       0x20 ./Project_Sources/adc.o
 .debug_aranges
                0x000001c0       0x20 ./cpu/sysinit.o
 .debug_aranges
                0x000001e0       0x20 ./cpu/arm_cm4.o
 .debug_aranges
                0x00000200       0x20 ./drivers/mcg/mcg.o
 .debug_aranges
                0x00000220       0x20 ./drivers/uart/uart.o
 .debug_aranges
                0x00000240       0x20 C:/Freescale/CW MCU v10.5/MCU/ARM_GCC_Support/ewl/lib/armv7e-m\libc.a(puts.o)
 .debug_aranges
                0x00000260       0x20 C:/Freescale/CW MCU v10.5/MCU/ARM_GCC_Support/ewl/lib/armv7e-m\libc.a(exit.o)
 .debug_aranges
                0x00000280       0x20 C:/Freescale/CW MCU v10.5/MCU/ARM_GCC_Support/ewl/lib/armv7e-m\libc.a(memset.o)
 .debug_aranges
                0x000002a0       0x28 C:/Freescale/CW MCU v10.5/MCU/ARM_GCC_Support/ewl/lib/armv7e-m\libc.a(printformat_.o)
 .debug_aranges
                0x000002c8       0x20 C:/Freescale/CW MCU v10.5/MCU/ARM_GCC_Support/ewl/lib/armv7e-m\libc.a(__putchar.o)
 .debug_aranges
                0x000002e8       0x28 C:/Freescale/CW MCU v10.5/MCU/ARM_GCC_Support/ewl/lib/armv7e-m\libc.a(ansi_files.o)
 .debug_aranges
                0x00000310       0x20 C:/Freescale/CW MCU v10.5/MCU/ARM_GCC_Support/ewl/lib/armv7e-m\libc.a(__filll_mem.o)
 .debug_aranges
                0x00000330       0x20 C:/Freescale/CW MCU v10.5/MCU/ARM_GCC_Support/ewl/lib/armv7e-m\libc.a(memchr.o)
 .debug_aranges
                0x00000350       0x20 C:/Freescale/CW MCU v10.5/MCU/ARM_GCC_Support/ewl/lib/armv7e-m\libc.a(strchr.o)
 .debug_aranges
                0x00000370       0x20 C:/Freescale/CW MCU v10.5/MCU/ARM_GCC_Support/ewl/lib/armv7e-m\libc.a(strlen.o)
 .debug_aranges
                0x00000390       0x30 C:/Freescale/CW MCU v10.5/MCU/ARM_GCC_Support/ewl/lib/armv7e-m\libc.a(__buffer_io.o)
 .debug_aranges
                0x000003c0       0x50 C:/Freescale/CW MCU v10.5/MCU/ARM_GCC_Support/ewl/lib/armv7e-m\libhosted.a(semihosted_console_io.o)
 .debug_aranges
                0x00000410       0xe0 C:/Freescale/CW MCU v10.5/MCU/ARM_GCC_Support/ewl/lib/armv7e-m\libhosted.a(semihosted_file_io.o)
 .debug_aranges
                0x000004f0       0x28 C:/Freescale/CW MCU v10.5/MCU/ARM_GCC_Support/ewl/lib/armv7e-m\librt.a(gcc_ctor_dtor.o)
 .debug_aranges
                0x00000518       0x30 C:/Freescale/CW MCU v10.5/MCU/ARM_GCC_Support/ewl/lib/armv7e-m\librt.a(ROMCopy.o)
 .debug_aranges
                0x00000548       0x58 C:/Freescale/CW MCU v10.5/MCU/ARM_GCC_Support/ewl/lib/armv7e-m\librt.a(__arm_eabi_init.o)

.debug_macro    0x00000000    0x13bc1
 .debug_macro   0x00000000       0x9b ./Project_Settings/Startup_Code/kinetis_sysinit.o
 .debug_macro   0x0000009b      0x7fc ./Project_Settings/Startup_Code/kinetis_sysinit.o
 .debug_macro   0x00000897       0x28 ./Project_Settings/Startup_Code/kinetis_sysinit.o
 .debug_macro   0x000008bf       0x10 ./Project_Settings/Startup_Code/kinetis_sysinit.o
 .debug_macro   0x000008cf       0x16 ./Project_Settings/Startup_Code/kinetis_sysinit.o
 .debug_macro   0x000008e5       0x58 ./Project_Settings/Startup_Code/kinetis_sysinit.o
 .debug_macro   0x0000093d      0x1b5 ./Project_Settings/Startup_Code/kinetis_sysinit.o
 .debug_macro   0x00000af2      0x147 ./Project_Settings/Startup_Code/kinetis_sysinit.o
 .debug_macro   0x00000c39       0x9d ./Project_Settings/Startup_Code/kinetis_sysinit.o
 .debug_macro   0x00000cd6       0x10 ./Project_Settings/Startup_Code/kinetis_sysinit.o
 .debug_macro   0x00000ce6      0x1a1 ./Project_Settings/Startup_Code/kinetis_sysinit.o
 .debug_macro   0x00000e87    0x10827 ./Project_Settings/Startup_Code/kinetis_sysinit.o
 .debug_macro   0x000116ae       0xed ./Project_Settings/Startup_Code/__arm_start.o
 .debug_macro   0x0001179b       0x16 ./Project_Settings/Startup_Code/__arm_start.o
 .debug_macro   0x000117b1       0x16 ./Project_Settings/Startup_Code/__arm_start.o
 .debug_macro   0x000117c7       0x10 ./Project_Settings/Startup_Code/__arm_start.o
 .debug_macro   0x000117d7       0x2e ./Project_Settings/Startup_Code/__arm_start.o
 .debug_macro   0x00011805       0x10 ./Project_Settings/Startup_Code/__arm_start.o
 .debug_macro   0x00011815       0xa6 ./Project_Settings/Startup_Code/__arm_end.o
 .debug_macro   0x000118bb       0x16 ./Project_Settings/Startup_Code/__arm_end.o
 .debug_macro   0x000118d1       0x16 ./Project_Settings/Startup_Code/__arm_end.o
 .debug_macro   0x000118e7      0x21c ./Project_Sources/ui.o
 .debug_macro   0x00011b03       0x22 ./Project_Sources/ui.o
 .debug_macro   0x00011b25       0x34 ./Project_Sources/ui.o
 .debug_macro   0x00011b59       0x34 ./Project_Sources/ui.o
 .debug_macro   0x00011b8d       0x16 ./Project_Sources/ui.o
 .debug_macro   0x00011ba3       0x8b ./Project_Sources/ui.o
 .debug_macro   0x00011c2e       0x22 ./Project_Sources/ui.o
 .debug_macro   0x00011c50       0x10 ./Project_Sources/ui.o
 .debug_macro   0x00011c60       0x20 ./Project_Sources/ui.o
 .debug_macro   0x00011c80      0x1f5 ./Project_Sources/ui.o
 .debug_macro   0x00011e75       0x1c ./Project_Sources/ui.o
 .debug_macro   0x00011e91       0x1c ./Project_Sources/ui.o
 .debug_macro   0x00011ead       0x10 ./Project_Sources/ui.o
 .debug_macro   0x00011ebd       0x16 ./Project_Sources/ui.o
 .debug_macro   0x00011ed3       0x22 ./Project_Sources/ui.o
 .debug_macro   0x00011ef5       0x2e ./Project_Sources/ui.o
 .debug_macro   0x00011f23       0x28 ./Project_Sources/ui.o
 .debug_macro   0x00011f4b       0x1c ./Project_Sources/ui.o
 .debug_macro   0x00011f67       0x10 ./Project_Sources/ui.o
 .debug_macro   0x00011f77       0x52 ./Project_Sources/ui.o
 .debug_macro   0x00011fc9       0x40 ./Project_Sources/ui.o
 .debug_macro   0x00012009      0x21c ./Project_Sources/serv.o
 .debug_macro   0x00012225      0x21c ./Project_Sources/schd.o
 .debug_macro   0x00012441      0x21c ./Project_Sources/mot.o
 .debug_macro   0x0001265d      0x216 ./Project_Sources/lcd.o
 .debug_macro   0x00012873      0x216 ./Project_Sources/hl.o
 .debug_macro   0x00012a89      0x21c ./Project_Sources/hello_world.o
 .debug_macro   0x00012ca5      0x21c ./Project_Sources/exec.o
 .debug_macro   0x00012ec1      0x21c ./Project_Sources/cont.o
 .debug_macro   0x000130dd      0x21c ./Project_Sources/cam.o
 .debug_macro   0x000132f9      0x21c ./Project_Sources/adc.o
 .debug_macro   0x00013515      0x1b2 ./cpu/sysinit.o
 .debug_macro   0x000136c7      0x1a4 ./cpu/arm_cm4.o
 .debug_macro   0x0001386b      0x1a8 ./drivers/mcg/mcg.o
 .debug_macro   0x00013a13      0x1ae ./drivers/uart/uart.o

.debug_line     0x00000000     0x52c9
 .debug_line    0x00000000      0x23e ./Project_Settings/Startup_Code/kinetis_sysinit.o
 .debug_line    0x0000023e      0x24c ./Project_Settings/Startup_Code/__arm_start.o
 .debug_line    0x0000048a      0x242 ./Project_Settings/Startup_Code/__arm_end.o
 .debug_line    0x000006cc      0x3fe ./Project_Sources/ui.o
 .debug_line    0x00000aca      0x3df ./Project_Sources/serv.o
 .debug_line    0x00000ea9      0x3d9 ./Project_Sources/schd.o
 .debug_line    0x00001282      0x3ef ./Project_Sources/mot.o
 .debug_line    0x00001671      0x494 ./Project_Sources/lcd.o
 .debug_line    0x00001b05      0x3cd ./Project_Sources/hl.o
 .debug_line    0x00001ed2      0x3d1 ./Project_Sources/hello_world.o
 .debug_line    0x000022a3      0x408 ./Project_Sources/exec.o
 .debug_line    0x000026ab      0x517 ./Project_Sources/cont.o
 .debug_line    0x00002bc2      0x3ef ./Project_Sources/cam.o
 .debug_line    0x00002fb1      0x3ef ./Project_Sources/adc.o
 .debug_line    0x000033a0      0x3a4 ./cpu/sysinit.o
 .debug_line    0x00003744      0x390 ./cpu/arm_cm4.o
 .debug_line    0x00003ad4      0x426 ./drivers/mcg/mcg.o
 .debug_line    0x00003efa      0x390 ./drivers/uart/uart.o
 .debug_line    0x0000428a       0x9c C:/Freescale/CW MCU v10.5/MCU/ARM_GCC_Support/ewl/lib/armv7e-m\libc.a(puts.o)
 .debug_line    0x00004326       0x94 C:/Freescale/CW MCU v10.5/MCU/ARM_GCC_Support/ewl/lib/armv7e-m\libc.a(exit.o)
 .debug_line    0x000043ba       0x8f C:/Freescale/CW MCU v10.5/MCU/ARM_GCC_Support/ewl/lib/armv7e-m\libc.a(memset.o)
 .debug_line    0x00004449      0x2b4 C:/Freescale/CW MCU v10.5/MCU/ARM_GCC_Support/ewl/lib/armv7e-m\libc.a(printformat_.o)
 .debug_line    0x000046fd       0xc2 C:/Freescale/CW MCU v10.5/MCU/ARM_GCC_Support/ewl/lib/armv7e-m\libc.a(__putchar.o)
 .debug_line    0x000047bf       0xc0 C:/Freescale/CW MCU v10.5/MCU/ARM_GCC_Support/ewl/lib/armv7e-m\libc.a(ansi_files.o)
 .debug_line    0x0000487f       0xcd C:/Freescale/CW MCU v10.5/MCU/ARM_GCC_Support/ewl/lib/armv7e-m\libc.a(__filll_mem.o)
 .debug_line    0x0000494c       0x9f C:/Freescale/CW MCU v10.5/MCU/ARM_GCC_Support/ewl/lib/armv7e-m\libc.a(memchr.o)
 .debug_line    0x000049eb       0x7d C:/Freescale/CW MCU v10.5/MCU/ARM_GCC_Support/ewl/lib/armv7e-m\libc.a(strchr.o)
 .debug_line    0x00004a68       0x83 C:/Freescale/CW MCU v10.5/MCU/ARM_GCC_Support/ewl/lib/armv7e-m\libc.a(strlen.o)
 .debug_line    0x00004aeb       0xfa C:/Freescale/CW MCU v10.5/MCU/ARM_GCC_Support/ewl/lib/armv7e-m\libc.a(__buffer_io.o)
 .debug_line    0x00004be5      0x14c C:/Freescale/CW MCU v10.5/MCU/ARM_GCC_Support/ewl/lib/armv7e-m\libhosted.a(semihosted_console_io.o)
 .debug_line    0x00004d31      0x377 C:/Freescale/CW MCU v10.5/MCU/ARM_GCC_Support/ewl/lib/armv7e-m\libhosted.a(semihosted_file_io.o)
 .debug_line    0x000050a8       0x67 C:/Freescale/CW MCU v10.5/MCU/ARM_GCC_Support/ewl/lib/armv7e-m\librt.a(gcc_ctor_dtor.o)
 .debug_line    0x0000510f       0xa9 C:/Freescale/CW MCU v10.5/MCU/ARM_GCC_Support/ewl/lib/armv7e-m\librt.a(ROMCopy.o)
 .debug_line    0x000051b8      0x111 C:/Freescale/CW MCU v10.5/MCU/ARM_GCC_Support/ewl/lib/armv7e-m\librt.a(__arm_eabi_init.o)

.debug_str      0x00000000    0x5bd86
 .debug_str     0x00000000    0x590f6 ./Project_Settings/Startup_Code/kinetis_sysinit.o
                              0x59179 (size before relaxing)
 .debug_str     0x000590f6      0x28c ./Project_Settings/Startup_Code/__arm_start.o
                               0x3b8c (size before relaxing)
 .debug_str     0x00059382      0x17a ./Project_Settings/Startup_Code/__arm_end.o
                               0x3160 (size before relaxing)
 .debug_str     0x000594fc     0x1127 ./Project_Sources/ui.o
                              0x5a2c5 (size before relaxing)
 .debug_str     0x0005a623      0x128 ./Project_Sources/serv.o
                              0x5a393 (size before relaxing)
 .debug_str     0x0005a74b       0x9f ./Project_Sources/schd.o
                              0x5a1ff (size before relaxing)
 .debug_str     0x0005a7ea       0xac ./Project_Sources/mot.o
                              0x5a3f4 (size before relaxing)
 .debug_str     0x0005a896       0xd4 ./Project_Sources/lcd.o
                              0x5a317 (size before relaxing)
 .debug_str     0x0005a96a       0x2d ./Project_Sources/hl.o
                              0x5a2cc (size before relaxing)
 .debug_str     0x0005a997       0x3a ./Project_Sources/hello_world.o
                              0x5a1a3 (size before relaxing)
 .debug_str     0x0005a9d1       0x90 ./Project_Sources/exec.o
                              0x5a3d4 (size before relaxing)
 .debug_str     0x0005aa61      0x116 ./Project_Sources/cont.o
                              0x5a2de (size before relaxing)
 .debug_str     0x0005ab77       0x68 ./Project_Sources/cam.o
                              0x5a3d9 (size before relaxing)
 .debug_str     0x0005abdf       0x9c ./Project_Sources/adc.o
                              0x5a30d (size before relaxing)
 .debug_str     0x0005ac7b      0x19a ./cpu/sysinit.o
                              0x59a60 (size before relaxing)
 .debug_str     0x0005ae15       0xbb ./cpu/arm_cm4.o
                              0x5991a (size before relaxing)
 .debug_str     0x0005aed0       0xe0 ./drivers/mcg/mcg.o
                              0x59a50 (size before relaxing)
 .debug_str     0x0005afb0       0x72 ./drivers/uart/uart.o
                              0x5999b (size before relaxing)
 .debug_str     0x0005b022      0x189 C:/Freescale/CW MCU v10.5/MCU/ARM_GCC_Support/ewl/lib/armv7e-m\libc.a(puts.o)
                                0x2cc (size before relaxing)
 .debug_str     0x0005b1ab       0x2e C:/Freescale/CW MCU v10.5/MCU/ARM_GCC_Support/ewl/lib/armv7e-m\libc.a(exit.o)
                                0x157 (size before relaxing)
 .debug_str     0x0005b1d9       0x15 C:/Freescale/CW MCU v10.5/MCU/ARM_GCC_Support/ewl/lib/armv7e-m\libc.a(memset.o)
                                0x140 (size before relaxing)
 .debug_str     0x0005b1ee      0x24e C:/Freescale/CW MCU v10.5/MCU/ARM_GCC_Support/ewl/lib/armv7e-m\libc.a(printformat_.o)
                                0x3b3 (size before relaxing)
 .debug_str     0x0005b43c       0xe4 C:/Freescale/CW MCU v10.5/MCU/ARM_GCC_Support/ewl/lib/armv7e-m\libc.a(__putchar.o)
                                0x39e (size before relaxing)
 .debug_str     0x0005b520       0xc6 C:/Freescale/CW MCU v10.5/MCU/ARM_GCC_Support/ewl/lib/armv7e-m\libc.a(ansi_files.o)
                                0x442 (size before relaxing)
 .debug_str     0x0005b5e6       0x25 C:/Freescale/CW MCU v10.5/MCU/ARM_GCC_Support/ewl/lib/armv7e-m\libc.a(__filll_mem.o)
                                0x152 (size before relaxing)
 .debug_str     0x0005b60b       0x1c C:/Freescale/CW MCU v10.5/MCU/ARM_GCC_Support/ewl/lib/armv7e-m\libc.a(memchr.o)
                                0x148 (size before relaxing)
 .debug_str     0x0005b627       0x1c C:/Freescale/CW MCU v10.5/MCU/ARM_GCC_Support/ewl/lib/armv7e-m\libc.a(strchr.o)
                                0x137 (size before relaxing)
 .debug_str     0x0005b643       0x1c C:/Freescale/CW MCU v10.5/MCU/ARM_GCC_Support/ewl/lib/armv7e-m\libc.a(strlen.o)
                                0x140 (size before relaxing)
 .debug_str     0x0005b65f       0xc3 C:/Freescale/CW MCU v10.5/MCU/ARM_GCC_Support/ewl/lib/armv7e-m\libc.a(__buffer_io.o)
                                0x373 (size before relaxing)
 .debug_str     0x0005b722       0xc1 C:/Freescale/CW MCU v10.5/MCU/ARM_GCC_Support/ewl/lib/armv7e-m\libhosted.a(semihosted_console_io.o)
                                0x1ac (size before relaxing)
 .debug_str     0x0005b7e3      0x352 C:/Freescale/CW MCU v10.5/MCU/ARM_GCC_Support/ewl/lib/armv7e-m\libhosted.a(semihosted_file_io.o)
                                0x5f2 (size before relaxing)
 .debug_str     0x0005bb35       0xfb C:/Freescale/CW MCU v10.5/MCU/ARM_GCC_Support/ewl/lib/armv7e-m\librt.a(gcc_ctor_dtor.o)
                                0x181 (size before relaxing)
 .debug_str     0x0005bc30       0x80 C:/Freescale/CW MCU v10.5/MCU/ARM_GCC_Support/ewl/lib/armv7e-m\librt.a(ROMCopy.o)
                                0x13c (size before relaxing)
 .debug_str     0x0005bcb0       0xd6 C:/Freescale/CW MCU v10.5/MCU/ARM_GCC_Support/ewl/lib/armv7e-m\librt.a(__arm_eabi_init.o)
                                0x1b5 (size before relaxing)

.comment        0x00000000       0x79
 .comment       0x00000000       0x79 ./Project_Settings/Startup_Code/kinetis_sysinit.o
                                 0x7a (size before relaxing)
 .comment       0x00000000       0x7a ./Project_Settings/Startup_Code/__arm_start.o
 .comment       0x00000000       0x7a ./Project_Settings/Startup_Code/__arm_end.o
 .comment       0x00000000       0x7a ./Project_Sources/ui.o
 .comment       0x00000000       0x7a ./Project_Sources/serv.o
 .comment       0x00000000       0x7a ./Project_Sources/schd.o
 .comment       0x00000000       0x7a ./Project_Sources/mot.o
 .comment       0x00000000       0x7a ./Project_Sources/lcd.o
 .comment       0x00000000       0x7a ./Project_Sources/hl.o
 .comment       0x00000000       0x7a ./Project_Sources/hello_world.o
 .comment       0x00000000       0x7a ./Project_Sources/exec.o
 .comment       0x00000000       0x7a ./Project_Sources/cont.o
 .comment       0x00000000       0x7a ./Project_Sources/cam.o
 .comment       0x00000000       0x7a ./Project_Sources/adc.o
 .comment       0x00000000       0x7a ./cpu/sysinit.o
 .comment       0x00000000       0x7a ./cpu/arm_cm4.o
 .comment       0x00000000       0x7a ./drivers/mcg/mcg.o
 .comment       0x00000000       0x7a ./drivers/uart/uart.o
 .comment       0x00000000       0x7a C:/Freescale/CW MCU v10.5/MCU/ARM_GCC_Support/ewl/lib/armv7e-m\libc.a(puts.o)
 .comment       0x00000000       0x7a C:/Freescale/CW MCU v10.5/MCU/ARM_GCC_Support/ewl/lib/armv7e-m\libc.a(exit.o)
 .comment       0x00000000       0x7a C:/Freescale/CW MCU v10.5/MCU/ARM_GCC_Support/ewl/lib/armv7e-m\libc.a(memset.o)
 .comment       0x00000000       0x7a C:/Freescale/CW MCU v10.5/MCU/ARM_GCC_Support/ewl/lib/armv7e-m\libc.a(printformat_.o)
 .comment       0x00000000       0x7a C:/Freescale/CW MCU v10.5/MCU/ARM_GCC_Support/ewl/lib/armv7e-m\libc.a(__putchar.o)
 .comment       0x00000000       0x7a C:/Freescale/CW MCU v10.5/MCU/ARM_GCC_Support/ewl/lib/armv7e-m\libc.a(ansi_files.o)
 .comment       0x00000000       0x7a C:/Freescale/CW MCU v10.5/MCU/ARM_GCC_Support/ewl/lib/armv7e-m\libc.a(__filll_mem.o)
 .comment       0x00000000       0x7a C:/Freescale/CW MCU v10.5/MCU/ARM_GCC_Support/ewl/lib/armv7e-m\libc.a(memchr.o)
 .comment       0x00000000       0x7a C:/Freescale/CW MCU v10.5/MCU/ARM_GCC_Support/ewl/lib/armv7e-m\libc.a(strchr.o)
 .comment       0x00000000       0x7a C:/Freescale/CW MCU v10.5/MCU/ARM_GCC_Support/ewl/lib/armv7e-m\libc.a(strlen.o)
 .comment       0x00000000       0x7a C:/Freescale/CW MCU v10.5/MCU/ARM_GCC_Support/ewl/lib/armv7e-m\libc.a(__buffer_io.o)
 .comment       0x00000000       0x7a C:/Freescale/CW MCU v10.5/MCU/ARM_GCC_Support/ewl/lib/armv7e-m\libhosted.a(semihosted_console_io.o)
 .comment       0x00000000       0x7a C:/Freescale/CW MCU v10.5/MCU/ARM_GCC_Support/ewl/lib/armv7e-m\libhosted.a(semihosted_file_io.o)
 .comment       0x00000000       0x7a C:/Freescale/CW MCU v10.5/MCU/ARM_GCC_Support/ewl/lib/armv7e-m\librt.a(gcc_ctor_dtor.o)
 .comment       0x00000000       0x7a C:/Freescale/CW MCU v10.5/MCU/ARM_GCC_Support/ewl/lib/armv7e-m\librt.a(ROMCopy.o)
 .comment       0x00000000       0x7a C:/Freescale/CW MCU v10.5/MCU/ARM_GCC_Support/ewl/lib/armv7e-m\librt.a(__arm_eabi_init.o)

.debug_frame    0x00000000      0xc28
 .debug_frame   0x00000000       0x58 ./Project_Settings/Startup_Code/kinetis_sysinit.o
 .debug_frame   0x00000058       0x30 ./Project_Settings/Startup_Code/__arm_start.o
 .debug_frame   0x00000088       0x20 ./Project_Settings/Startup_Code/__arm_end.o
 .debug_frame   0x000000a8       0x40 ./Project_Sources/ui.o
 .debug_frame   0x000000e8       0x30 ./Project_Sources/serv.o
 .debug_frame   0x00000118       0x2c ./Project_Sources/schd.o
 .debug_frame   0x00000144       0x58 ./Project_Sources/mot.o
 .debug_frame   0x0000019c       0x98 ./Project_Sources/lcd.o
 .debug_frame   0x00000234       0x40 ./Project_Sources/hl.o
 .debug_frame   0x00000274       0x28 ./Project_Sources/hello_world.o
 .debug_frame   0x0000029c       0x5c ./Project_Sources/exec.o
 .debug_frame   0x000002f8       0x44 ./Project_Sources/cont.o
 .debug_frame   0x0000033c       0x88 ./Project_Sources/cam.o
 .debug_frame   0x000003c4       0x48 ./Project_Sources/adc.o
 .debug_frame   0x0000040c       0x4c ./cpu/sysinit.o
 .debug_frame   0x00000458       0x8c ./cpu/arm_cm4.o
 .debug_frame   0x000004e4       0x80 ./drivers/mcg/mcg.o
 .debug_frame   0x00000564       0x58 ./drivers/uart/uart.o
 .debug_frame   0x000005bc       0x28 C:/Freescale/CW MCU v10.5/MCU/ARM_GCC_Support/ewl/lib/armv7e-m\libc.a(puts.o)
 .debug_frame   0x000005e4       0x28 C:/Freescale/CW MCU v10.5/MCU/ARM_GCC_Support/ewl/lib/armv7e-m\libc.a(exit.o)
 .debug_frame   0x0000060c       0x28 C:/Freescale/CW MCU v10.5/MCU/ARM_GCC_Support/ewl/lib/armv7e-m\libc.a(memset.o)
 .debug_frame   0x00000634       0x64 C:/Freescale/CW MCU v10.5/MCU/ARM_GCC_Support/ewl/lib/armv7e-m\libc.a(printformat_.o)
 .debug_frame   0x00000698       0x2c C:/Freescale/CW MCU v10.5/MCU/ARM_GCC_Support/ewl/lib/armv7e-m\libc.a(__putchar.o)
 .debug_frame   0x000006c4       0x48 C:/Freescale/CW MCU v10.5/MCU/ARM_GCC_Support/ewl/lib/armv7e-m\libc.a(ansi_files.o)
 .debug_frame   0x0000070c       0x2c C:/Freescale/CW MCU v10.5/MCU/ARM_GCC_Support/ewl/lib/armv7e-m\libc.a(__filll_mem.o)
 .debug_frame   0x00000738       0x20 C:/Freescale/CW MCU v10.5/MCU/ARM_GCC_Support/ewl/lib/armv7e-m\libc.a(memchr.o)
 .debug_frame   0x00000758       0x20 C:/Freescale/CW MCU v10.5/MCU/ARM_GCC_Support/ewl/lib/armv7e-m\libc.a(strchr.o)
 .debug_frame   0x00000778       0x20 C:/Freescale/CW MCU v10.5/MCU/ARM_GCC_Support/ewl/lib/armv7e-m\libc.a(strlen.o)
 .debug_frame   0x00000798       0x58 C:/Freescale/CW MCU v10.5/MCU/ARM_GCC_Support/ewl/lib/armv7e-m\libc.a(__buffer_io.o)
 .debug_frame   0x000007f0       0x90 C:/Freescale/CW MCU v10.5/MCU/ARM_GCC_Support/ewl/lib/armv7e-m\libhosted.a(semihosted_console_io.o)
 .debug_frame   0x00000880      0x274 C:/Freescale/CW MCU v10.5/MCU/ARM_GCC_Support/ewl/lib/armv7e-m\libhosted.a(semihosted_file_io.o)
 .debug_frame   0x00000af4       0x40 C:/Freescale/CW MCU v10.5/MCU/ARM_GCC_Support/ewl/lib/armv7e-m\librt.a(gcc_ctor_dtor.o)
 .debug_frame   0x00000b34       0x48 C:/Freescale/CW MCU v10.5/MCU/ARM_GCC_Support/ewl/lib/armv7e-m\librt.a(ROMCopy.o)
 .debug_frame   0x00000b7c       0xac C:/Freescale/CW MCU v10.5/MCU/ARM_GCC_Support/ewl/lib/armv7e-m\librt.a(__arm_eabi_init.o)
