Archive member included because of file (symbol)

C:/Freescale/CW MCU v10.5/MCU/ARM_GCC_Support/ewl/lib/armv7e-m\libc.a(printf.o)
                              ./Project_Sources/comms.o (printf)
C:/Freescale/CW MCU v10.5/MCU/ARM_GCC_Support/ewl/lib/armv7e-m\libc.a(puts.o)
                              ./cpu/arm_cm4.o (puts)
C:/Freescale/CW MCU v10.5/MCU/ARM_GCC_Support/ewl/lib/armv7e-m\libc.a(exit.o)
                              ./Project_Settings/Startup_Code/__arm_start.o (exit)
C:/Freescale/CW MCU v10.5/MCU/ARM_GCC_Support/ewl/lib/armv7e-m\libc.a(memset.o)
                              ./Project_Settings/Startup_Code/__arm_start.o (memset)
C:/Freescale/CW MCU v10.5/MCU/ARM_GCC_Support/ewl/lib/armv7e-m\libc.a(printformat_.o)
                              (__pformatter_)
C:/Freescale/CW MCU v10.5/MCU/ARM_GCC_Support/ewl/lib/armv7e-m\libc.a(__putchar.o)
                              C:/Freescale/CW MCU v10.5/MCU/ARM_GCC_Support/ewl/lib/armv7e-m\libc.a(puts.o) (__put_char)
C:/Freescale/CW MCU v10.5/MCU/ARM_GCC_Support/ewl/lib/armv7e-m\libc.a(ansi_files.o)
                              C:/Freescale/CW MCU v10.5/MCU/ARM_GCC_Support/ewl/lib/armv7e-m\libc.a(printf.o) (__files)
C:/Freescale/CW MCU v10.5/MCU/ARM_GCC_Support/ewl/lib/armv7e-m\libc.a(fflush.o)
                              C:/Freescale/CW MCU v10.5/MCU/ARM_GCC_Support/ewl/lib/armv7e-m\libc.a(ansi_files.o) (fflush)
C:/Freescale/CW MCU v10.5/MCU/ARM_GCC_Support/ewl/lib/armv7e-m\libc.a(fwrite.o)
                              C:/Freescale/CW MCU v10.5/MCU/ARM_GCC_Support/ewl/lib/armv7e-m\libc.a(printf.o) (__FileWrite)
C:/Freescale/CW MCU v10.5/MCU/ARM_GCC_Support/ewl/lib/armv7e-m\libc.a(__filll_mem.o)
                              C:/Freescale/CW MCU v10.5/MCU/ARM_GCC_Support/ewl/lib/armv7e-m\libc.a(memset.o) (__fill_mem)
C:/Freescale/CW MCU v10.5/MCU/ARM_GCC_Support/ewl/lib/armv7e-m\libc.a(__memrchr.o)
                              C:/Freescale/CW MCU v10.5/MCU/ARM_GCC_Support/ewl/lib/armv7e-m\libc.a(fwrite.o) (__memrchr)
C:/Freescale/CW MCU v10.5/MCU/ARM_GCC_Support/ewl/lib/armv7e-m\libc.a(memchr.o)
                              C:/Freescale/CW MCU v10.5/MCU/ARM_GCC_Support/ewl/lib/armv7e-m\libc.a(printformat_.o) (memchr)
C:/Freescale/CW MCU v10.5/MCU/ARM_GCC_Support/ewl/lib/armv7e-m\libc.a(memcpy.o)
                              C:/Freescale/CW MCU v10.5/MCU/ARM_GCC_Support/ewl/lib/armv7e-m\libc.a(fwrite.o) (memcpy)
C:/Freescale/CW MCU v10.5/MCU/ARM_GCC_Support/ewl/lib/armv7e-m\libc.a(strchr.o)
                              C:/Freescale/CW MCU v10.5/MCU/ARM_GCC_Support/ewl/lib/armv7e-m\libc.a(printformat_.o) (strchr)
C:/Freescale/CW MCU v10.5/MCU/ARM_GCC_Support/ewl/lib/armv7e-m\libc.a(strlen.o)
                              C:/Freescale/CW MCU v10.5/MCU/ARM_GCC_Support/ewl/lib/armv7e-m\libc.a(printformat_.o) (strlen)
C:/Freescale/CW MCU v10.5/MCU/ARM_GCC_Support/ewl/lib/armv7e-m\libc.a(__buffer_io.o)
                              C:/Freescale/CW MCU v10.5/MCU/ARM_GCC_Support/ewl/lib/armv7e-m\libc.a(__putchar.o) (__prep_buffer)
c:/freescale/cw mcu v10.5/cross_tools/arm-none-eabi-gcc-4_7_3/bin/../lib/gcc/arm-none-eabi/4.7.3/armv7e-m\libgcc.a(_arm_addsubsf3.o)
                              ./Project_Sources/cont.o (__aeabi_fsub)
c:/freescale/cw mcu v10.5/cross_tools/arm-none-eabi-gcc-4_7_3/bin/../lib/gcc/arm-none-eabi/4.7.3/armv7e-m\libgcc.a(_arm_muldivsf3.o)
                              ./Project_Sources/cont.o (__aeabi_fmul)
c:/freescale/cw mcu v10.5/cross_tools/arm-none-eabi-gcc-4_7_3/bin/../lib/gcc/arm-none-eabi/4.7.3/armv7e-m\libgcc.a(_arm_fixsfsi.o)
                              ./Project_Sources/cont.o (__aeabi_f2iz)
C:/Freescale/CW MCU v10.5/MCU/ARM_GCC_Support/ewl/lib/armv7e-m\libhosted.a(semihosted_console_io.o)
                              C:/Freescale/CW MCU v10.5/MCU/ARM_GCC_Support/ewl/lib/armv7e-m\libc.a(ansi_files.o) (__read_console)
C:/Freescale/CW MCU v10.5/MCU/ARM_GCC_Support/ewl/lib/armv7e-m\libhosted.a(semihosted_file_io.o)
                              C:/Freescale/CW MCU v10.5/MCU/ARM_GCC_Support/ewl/lib/armv7e-m\libhosted.a(semihosted_console_io.o) (__write_file)
C:/Freescale/CW MCU v10.5/MCU/ARM_GCC_Support/ewl/lib/armv7e-m\librt.a(gcc_ctor_dtor.o)
                              ./Project_Settings/Startup_Code/__arm_start.o (__init_cpp)
C:/Freescale/CW MCU v10.5/MCU/ARM_GCC_Support/ewl/lib/armv7e-m\librt.a(ROMCopy.o)
                              ./Project_Settings/Startup_Code/__arm_start.o (__copy_rom_sections_to_ram)
C:/Freescale/CW MCU v10.5/MCU/ARM_GCC_Support/ewl/lib/armv7e-m\librt.a(__arm_eabi_init.o)
                              C:/Freescale/CW MCU v10.5/MCU/ARM_GCC_Support/ewl/lib/armv7e-m\libc.a(exit.o) (__destroy_global_chain)
C:/Freescale/CW MCU v10.5/MCU/ARM_GCC_Support/ewl/lib/armv7e-m\libc.a(alloc.o)
                              C:/Freescale/CW MCU v10.5/MCU/ARM_GCC_Support/ewl/lib/armv7e-m\libhosted.a(semihosted_file_io.o) (malloc)
[...]
Memory Configuration

Name             Origin             Length             Attributes
m_interrupts     0x00000000         0x000001e0         xr
m_cfmprotrom     0x00000400         0x00000010         xr
m_text           0x00000800         0x0003f800         xr
m_data           0x1fff8000         0x00008000         xrw
m_data2          0x20000000         0x00008000         xrw
*default*        0x00000000         0xffffffff

Linker script and memory map

LOAD ./Project_Settings/Startup_Code/kinetis_sysinit.o
LOAD ./Project_Settings/Startup_Code/__arm_start.o
LOAD ./Project_Settings/Startup_Code/__arm_end.o
LOAD ./Project_Sources/ui.o
LOAD ./Project_Sources/serv.o
LOAD ./Project_Sources/schd.o
LOAD ./Project_Sources/mot.o
LOAD ./Project_Sources/lcd.o
LOAD ./Project_Sources/hl.o
LOAD ./Project_Sources/hello_world.o
LOAD ./Project_Sources/exec.o
LOAD ./Project_Sources/cont.o
LOAD ./Project_Sources/comms.o
LOAD ./Project_Sources/cam.o
LOAD ./Project_Sources/adc.o
LOAD ./cpu/sysinit.o
LOAD ./cpu/arm_cm4.o
LOAD ./drivers/adc16/adc16.o
LOAD ./drivers/mcg/mcg.o
LOAD ./drivers/uart/uart.o
LOAD ./drivers/wdog/wdog.o
                0x0000429c                __pformatter = __pformatter_
START GROUP
LOAD C:/Freescale/CW MCU v10.5/MCU/ARM_GCC_Support/ewl/lib/armv7e-m\libc.a
LOAD C:/Freescale/CW MCU v10.5/MCU/ARM_GCC_Support/ewl/lib/armv7e-m\libm.a
LOAD c:/freescale/cw mcu v10.5/cross_tools/arm-none-eabi-gcc-4_7_3/bin/../lib/gcc/arm-none-eabi/4.7.3/armv7e-m\libgcc.a
LOAD C:/Freescale/CW MCU v10.5/MCU/ARM_GCC_Support/ewl/lib/armv7e-m\libhosted.a
LOAD C:/Freescale/CW MCU v10.5/MCU/ARM_GCC_Support/ewl/lib/armv7e-m\libuart.a
LOAD C:/Freescale/CW MCU v10.5/MCU/ARM_GCC_Support/ewl/lib/armv7e-m\librt.a
END GROUP
                0x20000000                _estack = 0x20000000
                0x20000000                __SP_INIT = _estack
                0x00000800                __heap_size = 0x800
                0x00000800                __stack_size = 0x800

.interrupts     0x00000000      0x1e0
                0x00000000                __vector_table = .
                0x00000000                . = ALIGN (0x4)
 *(.vectortable)
 .vectortable   0x00000000      0x1e0 ./Project_Settings/Startup_Code/kinetis_sysinit.o
                0x00000000                InterruptVector
                0x000001e0                . = ALIGN (0x4)

.cfmprotect     0x00000400        0x0
                0x00000400                . = ALIGN (0x4)
 *(.cfmconfig)
                0x00000400                . = ALIGN (0x4)

.text           0x00000800     0x44bc
                0x00000800                . = ALIGN (0x4)
 *(.text)
 .text          0x00000800       0x44 ./Project_Settings/Startup_Code/kinetis_sysinit.o
                0x00000800                HardFault_Handler
                0x00000800                SysTick_Handler
                0x00000800                PendSV_Handler
                0x00000800                NMI_Handler
                0x00000800                UsageFault_Handler
                0x00000800                BusFault_Handler
                0x00000800                DebugMonitor_Handler
                0x00000800                SVC_Handler
                0x00000800                isr_default
                0x00000800                MemManage_Handler
                0x00000804                __init_hardware
                0x00000838                __init_user
                0x00000840                isrINT_NMI
 .text          0x00000844       0x48 ./Project_Settings/Startup_Code/__arm_start.o
                0x00000844                __thumb_startup
                0x00000888                __iar_program_start
 .text          0x0000088c        0x4 ./Project_Settings/Startup_Code/__arm_end.o
                0x0000088c                _ExitProcess
 .text          0x00000890      0x254 ./Project_Sources/ui.o
                0x00000890                ui_init
                0x000008dc                ui_isr
 .text          0x00000ae4       0xdc ./Project_Sources/serv.o
                0x00000ae4                serv_init
                0x00000b64                serv_update
 .text          0x00000bc0      0x4c4 ./Project_Sources/schd.o
                0x00000bc0                schd_init
 .text          0x00001084      0x130 ./Project_Sources/mot.o
                0x00001084                mot_enable
                0x00001098                mot_init
                0x00001164                mot_disable
                0x00001178                mot_update
 .text          0x000011b4      0x7d0 ./Project_Sources/lcd.o
                0x000011b4                lcd_init
                0x00001234                lcd_setDigit0
                0x000012e4                lcd_setDigit1
                0x00001398                lcd_setDigit2
                0x00001448                lcd_update
                0x000015bc                tlcd_set_numeric1
                0x000016fc                tlcd_set_numeric2
                0x0000183c                tlcd_set_numeric3
 .text          0x00001984       0x58 ./Project_Sources/hl.o
                0x00001984                hl_init
                0x000019b4                hl_on
                0x000019c8                hl_off
 .text          0x000019dc       0x10 ./Project_Sources/hello_world.o
                0x000019dc                main
 .text          0x000019ec      0x3b0 ./Project_Sources/exec.o
                0x000019ec                exec_isr
                0x00001a2c                exec_run
                0x00001ae8                exec_disablePit
                0x00001afc                exec_enablePit
                0x00001b2c                exec_update
                0x00001d38                exec_init
 .text          0x00001d9c     0x110c ./Project_Sources/cont.o
                0x00001d9c                cont_init
                0x00001ecc                cont_speAccProc
                0x00002968                cont_speAccCont
                0x0000296c                cont_disProc
                0x00002ea4                cont_disCont
 .text          0x00002ea8      0x270 ./Project_Sources/comms.o
                0x00002ea8                comms_init
                0x00002f48                comms_sendByte
                0x00002f68                comms_send
                0x00002f9c                comms_receive
                0x000030a8                comms_enable
                0x000030e0                comms_disable
 .text          0x00003118      0x15c ./Project_Sources/cam.o
                0x00003118                cam_enable
                0x00003128                cam_disable
                0x00003138                cam_init
                0x000031c0                cam_isr
                0x00003238                cam_start
 .text          0x00003274      0x118 ./Project_Sources/adc.o
                0x00003274                adc_init
                0x00003338                adc_isr
                0x0000337c                adc_start
 .text          0x0000338c       0xc8 ./cpu/sysinit.o
                0x0000338c                trace_clk_init
                0x000033ac                fb_clk_init
                0x000033cc                sysinit
 .text          0x00003454      0x1f0 ./cpu/arm_cm4.o
                0x00003454                stop
                0x00003468                wait
                0x0000347c                write_vtor
                0x00003488                enable_irq
                0x0000354c                disable_irq
                0x0000360c                set_irq_priority
 .text          0x00003644      0x3e4 ./drivers/mcg/mcg.o
                0x00003644                set_sys_dividers
                0x000036c8                pll_init
                0x00003850                mcg_pee_2_blpi
                0x00003920                mcg_blpi_2_pee
                0x000039f0                mcg_pbe_2_pee
 .text          0x00003a28      0x114 ./drivers/uart/uart.o
                0x00003a28                uart_init
                0x00003b18                uart_getchar
                0x00003b28                uart_putchar
                0x00003b34                uart_getchar_present
 .text          0x00003b3c      0x21c c:/freescale/cw mcu v10.5/cross_tools/arm-none-eabi-gcc-4_7_3/bin/../lib/gcc/arm-none-eabi/4.7.3/armv7e-m\libgcc.a(_arm_addsubsf3.o)
                0x00003b3c                __aeabi_frsub
                0x00003b44                __subsf3
                0x00003b44                __aeabi_fsub
                0x00003b48                __aeabi_fadd
                0x00003b48                __addsf3
                0x00003ca8                __aeabi_ui2f
                0x00003ca8                __floatunsisf
                0x00003cb0                __aeabi_i2f
                0x00003cb0                __floatsisf
                0x00003ccc                __aeabi_ul2f
                0x00003ccc                __floatundisf
                0x00003cdc                __aeabi_l2f
                0x00003cdc                __floatdisf
 .text          0x00003d58      0x2a0 c:/freescale/cw mcu v10.5/cross_tools/arm-none-eabi-gcc-4_7_3/bin/../lib/gcc/arm-none-eabi/4.7.3/armv7e-m\libgcc.a(_arm_muldivsf3.o)
                0x00003d58                __mulsf3
                0x00003d58                __aeabi_fmul
                0x00003ec0                __aeabi_fdiv
                0x00003ec0                __divsf3
 .text          0x00003ff8       0x4c c:/freescale/cw mcu v10.5/cross_tools/arm-none-eabi-gcc-4_7_3/bin/../lib/gcc/arm-none-eabi/4.7.3/armv7e-m\libgcc.a(_arm_fixsfsi.o)
                0x00003ff8                __aeabi_f2iz
                0x00003ff8                __fixsfsi
 *(.text*)
 .text.printf   0x00004044       0x2c C:/Freescale/CW MCU v10.5/MCU/ARM_GCC_Support/ewl/lib/armv7e-m\libc.a(printf.o)
                0x00004044                printf
 .text.puts     0x00004070       0x50 C:/Freescale/CW MCU v10.5/MCU/ARM_GCC_Support/ewl/lib/armv7e-m\libc.a(puts.o)
                0x00004070                puts
 .text.exit     0x000040c0       0x38 C:/Freescale/CW MCU v10.5/MCU/ARM_GCC_Support/ewl/lib/armv7e-m\libc.a(exit.o)
                0x000040c0                exit
 .text.memset   0x000040f8        0xc C:/Freescale/CW MCU v10.5/MCU/ARM_GCC_Support/ewl/lib/armv7e-m\libc.a(memset.o)
                0x000040f8                memset
 .text.long2str.isra.0
                0x00004104      0x196 C:/Freescale/CW MCU v10.5/MCU/ARM_GCC_Support/ewl/lib/armv7e-m\libc.a(printformat_.o)
 *fill*         0x0000429a        0x2 00
 .text.__pformatter_
                0x0000429c      0x3f8 C:/Freescale/CW MCU v10.5/MCU/ARM_GCC_Support/ewl/lib/armv7e-m\libc.a(printformat_.o)
                0x0000429c                __pformatter_
 .text.__put_char
                0x00004694       0x8c C:/Freescale/CW MCU v10.5/MCU/ARM_GCC_Support/ewl/lib/armv7e-m\libc.a(__putchar.o)
                0x00004694                __put_char
 .text.__fwrite
                0x00004720      0x158 C:/Freescale/CW MCU v10.5/MCU/ARM_GCC_Support/ewl/lib/armv7e-m\libc.a(fwrite.o)
                0x00004720                __fwrite
 .text.__FileWrite
                0x00004878       0x1a C:/Freescale/CW MCU v10.5/MCU/ARM_GCC_Support/ewl/lib/armv7e-m\libc.a(fwrite.o)
                0x00004878                __FileWrite
 .text.__fill_mem
                0x00004892       0x76 C:/Freescale/CW MCU v10.5/MCU/ARM_GCC_Support/ewl/lib/armv7e-m\libc.a(__filll_mem.o)
                0x00004892                __fill_mem
 .text.__memrchr
                0x00004908       0x1c C:/Freescale/CW MCU v10.5/MCU/ARM_GCC_Support/ewl/lib/armv7e-m\libc.a(__memrchr.o)
                0x00004908                __memrchr
 .text.memchr   0x00004924       0x18 C:/Freescale/CW MCU v10.5/MCU/ARM_GCC_Support/ewl/lib/armv7e-m\libc.a(memchr.o)
                0x00004924                memchr
 .text.memcpy   0x0000493c       0x12 C:/Freescale/CW MCU v10.5/MCU/ARM_GCC_Support/ewl/lib/armv7e-m\libc.a(memcpy.o)
                0x0000493c                memcpy
 .text.strchr   0x0000494e       0x1a C:/Freescale/CW MCU v10.5/MCU/ARM_GCC_Support/ewl/lib/armv7e-m\libc.a(strchr.o)
                0x0000494e                strchr
 .text.strlen   0x00004968       0x10 C:/Freescale/CW MCU v10.5/MCU/ARM_GCC_Support/ewl/lib/armv7e-m\libc.a(strlen.o)
                0x00004968                strlen
 .text.__prep_buffer
                0x00004978       0x16 C:/Freescale/CW MCU v10.5/MCU/ARM_GCC_Support/ewl/lib/armv7e-m\libc.a(__buffer_io.o)
                0x00004978                __prep_buffer
 .text.__flush_buffer
                0x0000498e       0x36 C:/Freescale/CW MCU v10.5/MCU/ARM_GCC_Support/ewl/lib/armv7e-m\libc.a(__buffer_io.o)
                0x0000498e                __flush_buffer
 .text.sys_writec
                0x000049c4        0xe C:/Freescale/CW MCU v10.5/MCU/ARM_GCC_Support/ewl/lib/armv7e-m\libhosted.a(semihosted_console_io.o)
                0x000049c4                sys_writec
 .text.sys_readc
                0x000049d2       0x10 C:/Freescale/CW MCU v10.5/MCU/ARM_GCC_Support/ewl/lib/armv7e-m\libhosted.a(semihosted_console_io.o)
                0x000049d2                sys_readc
 .text.__read_console
                0x000049e2       0x1a C:/Freescale/CW MCU v10.5/MCU/ARM_GCC_Support/ewl/lib/armv7e-m\libhosted.a(semihosted_console_io.o)
                0x000049e2                __read_console
 .text.__write_console
                0x000049fc       0x1a C:/Freescale/CW MCU v10.5/MCU/ARM_GCC_Support/ewl/lib/armv7e-m\libhosted.a(semihosted_console_io.o)
                0x000049fc                __write_console
 .text.__close_console
                0x00004a16        0x4 C:/Freescale/CW MCU v10.5/MCU/ARM_GCC_Support/ewl/lib/armv7e-m\libhosted.a(semihosted_console_io.o)
                0x00004a16                __close_console
 .text.sys_write
                0x00004a1a        0xe C:/Freescale/CW MCU v10.5/MCU/ARM_GCC_Support/ewl/lib/armv7e-m\libhosted.a(semihosted_file_io.o)
                0x00004a1a                sys_write
 .text.__write_file
                0x00004a28       0x1c C:/Freescale/CW MCU v10.5/MCU/ARM_GCC_Support/ewl/lib/armv7e-m\libhosted.a(semihosted_file_io.o)
                0x00004a28                __write_file
 .text.sys_read
                0x00004a44        0xe C:/Freescale/CW MCU v10.5/MCU/ARM_GCC_Support/ewl/lib/armv7e-m\libhosted.a(semihosted_file_io.o)
                0x00004a44                sys_read
 .text.__read_file
                0x00004a52       0x34 C:/Freescale/CW MCU v10.5/MCU/ARM_GCC_Support/ewl/lib/armv7e-m\libhosted.a(semihosted_file_io.o)
                0x00004a52                __read_file
 *fill*         0x00004a86        0x2 00
 .text.__init_cpp
                0x00004a88       0x4c C:/Freescale/CW MCU v10.5/MCU/ARM_GCC_Support/ewl/lib/armv7e-m\librt.a(gcc_ctor_dtor.o)
                0x00004a88                __init_cpp
 .text.__fini_cpp
                0x00004ad4       0x34 C:/Freescale/CW MCU v10.5/MCU/ARM_GCC_Support/ewl/lib/armv7e-m\librt.a(gcc_ctor_dtor.o)
                0x00004ad4                __fini_cpp
 .text.__copy_rom_section
                0x00004b08       0x44 C:/Freescale/CW MCU v10.5/MCU/ARM_GCC_Support/ewl/lib/armv7e-m\librt.a(ROMCopy.o)
                0x00004b08                __copy_rom_section
 .text.__copy_rom_sections_to_ram
                0x00004b4c       0x30 C:/Freescale/CW MCU v10.5/MCU/ARM_GCC_Support/ewl/lib/armv7e-m\librt.a(ROMCopy.o)
                0x00004b4c                __copy_rom_sections_to_ram
 .text.__destroy_global_chain
                0x00004b7c       0x18 C:/Freescale/CW MCU v10.5/MCU/ARM_GCC_Support/ewl/lib/armv7e-m\librt.a(__arm_eabi_init.o)
                0x00004b7c                __destroy_global_chain
 .text.__init_registers
                0x00004b94       0x24 C:/Freescale/CW MCU v10.5/MCU/ARM_GCC_Support/ewl/lib/armv7e-m\librt.a(__arm_eabi_init.o)
                0x00004b94                __init_registers
 *(.rodata)
 *(.rodata*)
 .rodata.str1.4
                0x00004bb8        0xc ./Project_Sources/comms.o
 .rodata.str1.4
                0x00004bc4       0xec ./cpu/arm_cm4.o
 .rodata.str1.1
                0x00004cb0        0x1 C:/Freescale/CW MCU v10.5/MCU/ARM_GCC_Support/ewl/lib/armv7e-m\libc.a(printformat_.o)
 .rodata.CSWTCH.20
                0x00004cb1        0x5 C:/Freescale/CW MCU v10.5/MCU/ARM_GCC_Support/ewl/lib/armv7e-m\libc.a(printformat_.o)
 .rodata.CSWTCH.21
                0x00004cb6        0x5 C:/Freescale/CW MCU v10.5/MCU/ARM_GCC_Support/ewl/lib/armv7e-m\libc.a(printformat_.o)
 *(.glue_7)
 .glue_7        0x00000000        0x0 linker stubs
 *(.glue_7t)
 .glue_7t       0x00000000        0x0 linker stubs
 *(.eh_frame)
 *(.init)
 *(.fini)
                0x00004cbc                . = ALIGN (0x4)
 *fill*         0x00004cbb        0x1 00
                0x00004cbc                _etext = .

.vfp11_veneer   0x00004cbc        0x0
 .vfp11_veneer  0x00000000        0x0 linker stubs

.v4_bx          0x00004cbc        0x0
 .v4_bx         0x00000000        0x0 linker stubs

.iplt           0x00004cbc        0x0
 .iplt          0x00000000        0x0 ./Project_Settings/Startup_Code/kinetis_sysinit.o

.rel.dyn        0x00004cbc        0x0
 .rel.iplt      0x00000000        0x0 ./Project_Settings/Startup_Code/kinetis_sysinit.o

.ARM.extab
 *(.ARM.extab* .gnu.linkonce.armextab.*)

.ARM            0x00004cbc        0x0
                0x00004cbc                __exidx_start = .
 *(.ARM.exidx*)
                0x00004cbc                __exidx_end = .

.ctors          0x00004cbc        0x0
                0x00004cbc                __CTOR_LIST__ = .
 *crtbegin.o(.ctors)
 *(EXCLUDE_FILE(*crtend.o) .ctors)
 *(SORT(.ctors.*))
 *(.ctors)
                0x00004cbc                __CTOR_END__ = .

.dtors          0x00004cbc        0x0
                0x00004cbc                __DTOR_LIST__ = .
 *crtbegin.o(.dtors)
 *(EXCLUDE_FILE(*crtend.o) .dtors)
 *(SORT(.dtors.*))
 *(.dtors)
                0x00004cbc                __DTOR_END__ = .

.preinit_array  0x00004cbc        0x0
                0x00004cbc                PROVIDE (__preinit_array_start, .)
 *(.preinit_array*)
                0x00004cbc                PROVIDE (__preinit_array_end, .)

.init_array     0x00004cbc        0x0
                0x00004cbc                PROVIDE (__init_array_start, .)
 *(SORT(.init_array.*))
 *(.init_array*)
                0x00004cbc                PROVIDE (__init_array_end, .)

.fini_array     0x00004cbc        0x0
                0x00004cbc                PROVIDE (__fini_array_start, .)
 *(SORT(.fini_array.*))
 *(.fini_array*)
                0x00004cbc                PROVIDE (__fini_array_end, .)
                0x00004cbc                ___ROM_AT = .

.data           0x1fff8000       0xcc load address 0x00004cbc
                0x1fff8000                . = ALIGN (0x4)
                0x1fff8000                _sdata = .
 *(.data)
 *(.data*)
 .data.__files  0x1fff8000       0xcc C:/Freescale/CW MCU v10.5/MCU/ARM_GCC_Support/ewl/lib/armv7e-m\libc.a(ansi_files.o)
                0x1fff8000                __files
                0x1fff80cc                . = ALIGN (0x4)
                0x1fff80cc                _edata = .
                0x000000cc                ___data_size = (_edata - _sdata)
                0x00004d88                ___m_data2_ROMStart = (___ROM_AT + SIZEOF (.data))

.igot.plt       0x1fff80cc        0x0 load address 0x00004d88
 .igot.plt      0x00000000        0x0 ./Project_Settings/Startup_Code/kinetis_sysinit.o

.user_data2     0x20000000        0x0 load address 0x00004d88
                0x20000000                . = ALIGN (0x4)
                0x20000000                ___m_data2_RAMStart = .
 *(.data2)
                0x20000000                ___m_data2_RAMEnd = .
                0x20000000                . = ALIGN (0x4)
                0x00000000                ___m_data2_ROMSize = (___m_data2_RAMEnd - ___m_data2_RAMStart)
                0x20000000                . = ALIGN (0x4)

.bss            0x1fff80cc      0xa84 load address 0x00004d88
                0x1fff80cc                __START_BSS = .
                0x1fff80cc                PROVIDE (__bss_start__, __START_BSS)
 *(.bss)
 .bss           0x1fff80cc        0x4 ./Project_Settings/Startup_Code/__arm_start.o
 .bss           0x1fff80d0        0xc ./Project_Sources/comms.o
 *(.bss*)
 .bss.__stdio_exit
                0x1fff80dc        0x4 C:/Freescale/CW MCU v10.5/MCU/ARM_GCC_Support/ewl/lib/armv7e-m\libc.a(exit.o)
                0x1fff80dc                __stdio_exit
 .bss.__console_exit
                0x1fff80e0        0x4 C:/Freescale/CW MCU v10.5/MCU/ARM_GCC_Support/ewl/lib/armv7e-m\libc.a(exit.o)
                0x1fff80e0                __console_exit
 .bss.__S_romp  0x1fff80e4        0xc C:/Freescale/CW MCU v10.5/MCU/ARM_GCC_Support/ewl/lib/armv7e-m\librt.a(ROMCopy.o)
 .bss.__global_destructor_chain
                0x1fff80f0        0x4 C:/Freescale/CW MCU v10.5/MCU/ARM_GCC_Support/ewl/lib/armv7e-m\librt.a(__arm_eabi_init.o)
                0x1fff80f0                __global_destructor_chain
 *(COMMON)
 COMMON         0x1fff80f4        0x4 ./Project_Sources/ui.o
                0x1fff80f4                ui_menuState
 COMMON         0x1fff80f8        0x8 ./Project_Sources/serv.o
                0x1fff80f8                serv_flag
                0x1fff80fc                serv_angle
 COMMON         0x1fff8100      0x3b4 ./Project_Sources/schd.o
                0x1fff8100                schd_commsSendFrame
                0x1fff8114                schd_testAccSchedule
                0x1fff811c                schd_contDisProcFrame
                0x1fff8130                schd_perfSpeFrames
                0x1fff8194                schd_perfAccFrames
                0x1fff81f8                schd_motUpdateFrame
                0x1fff820c                schd_contDisContFrame
                0x1fff8220                schd_idleSchedule
                0x1fff8228                schd_perfDisSchedule
                0x1fff8230                schd_perfSpeSchedule
                0x1fff8238                schd_remoteSchedule
                0x1fff8240                schd_testSpeSchedule
                0x1fff8248                schd_testAccFrames
                0x1fff82c0                schd_testDisSchedule
                0x1fff82c8                schd_testSpeFrames
                0x1fff8340                schd_perfDisFrames
                0x1fff83a4                schd_camStartFrame
                0x1fff83b8                schd_testDisFrames
                0x1fff8430                schd_perfAccSchedule
                0x1fff8438                schd_idleFrames
                0x1fff8438                schd_remoteFrames
                0x1fff8438                schd_contSpeAccProcFrame
                0x1fff844c                schd_contSpeAccContFrame
                0x1fff8460                schd_schedules
                0x1fff84a0                schd_servUpdateFrame
 COMMON         0x1fff84b4       0x1c ./Project_Sources/mot.o
                0x1fff84b4                mot_motorSpeedA2
                0x1fff84b8                mot_speedB
                0x1fff84bc                mot_motorSpeedB2
                0x1fff84c0                mot_motorSpeedA1
                0x1fff84c4                mot_flag
                0x1fff84c8                mot_speedA
                0x1fff84cc                mot_motorSpeedB1
 COMMON         0x1fff84d0       0x14 ./Project_Sources/exec.o
                0x1fff84d0                exec_flag
                0x1fff84d4                exec_sysMode
                0x1fff84d8                exec_pitVal
                0x1fff84dc                exec_fI
                0x1fff84e0                exec_sI
 COMMON         0x1fff84e4      0x390 ./Project_Sources/cont.o
                0x1fff84e4                D
                0x1fff84e8                kd
                0x1fff84ec                differential_in
                0x1fff84f0                delta_cent
                0x1fff84f4                cont_lineLoc
                0x1fff84f8                derivative
                0x1fff8688                cont_disServUpdateCnt
                0x1fff868c                lostline
                0x1fff8690                flag
                0x1fff8820                differential_out
                0x1fff8824                cont_procFlag
                0x1fff8828                lapsremaining
                0x1fff882c                differential_out_brake
                0x1fff8830                cont_flag
                0x1fff8834                correctionval
                0x1fff8838                ki
                0x1fff883c                center1
                0x1fff8840                cont_contFlag
                0x1fff8844                inframe
                0x1fff8848                numcounts
                0x1fff884c                speed
                0x1fff8850                I
                0x1fff8854                diff_div
                0x1fff8858                cutoff
                0x1fff885c                prev_error
                0x1fff8860                oldservangle
                0x1fff8864                cont_lineWidth
                0x1fff8868                kp
                0x1fff886c                maxspeed
                0x1fff8870                P
 COMMON         0x1fff8874        0x4 ./Project_Sources/comms.o
                0x1fff8874                comms_flag
 COMMON         0x1fff8878        0x8 ./Project_Sources/cam.o
                0x1fff8878                cam_clockCounter
                0x1fff887c                cam_flag
 COMMON         0x1fff8880      0x204 ./Project_Sources/adc.o
                0x1fff8880                adc_pixelIndex
                0x1fff8884                adc_rawCameraData
 COMMON         0x1fff8a84        0xc ./cpu/sysinit.o
                0x1fff8a84                core_clk_mhz
                0x1fff8a88                core_clk_khz
                0x1fff8a8c                periph_clk_khz
 COMMON         0x1fff8a90       0xc0 C:/Freescale/CW MCU v10.5/MCU/ARM_GCC_Support/ewl/lib/armv7e-m\libc.a(ansi_files.o)
                0x1fff8a90                stdout_buff
                0x1fff8ad0                stdin_buff
                0x1fff8b10                stderr_buff
                0x1fff8b50                . = ALIGN (0x4)
                0x1fff8b50                __END_BSS = .
                0x1fff8b50                PROVIDE (__bss_end__, __END_BSS)

._user_heap_stack
                0x1fff8b50     0x1000 load address 0x0000580c
                0x1fff8b50                . = ALIGN (0x4)
                0x1fff8b50                PROVIDE (end, .)
                0x1fff8b50                PROVIDE (_end, .)
                0x1fff8b50                __heap_addr = .
                0x1fff9350                . = (. + __heap_size)
 *fill*         0x1fff8b50      0x800 00
                0x1fff9b50                . = (. + __stack_size)
 *fill*         0x1fff9350      0x800 00
                0x1fff9b50                . = ALIGN (0x4)
                0x00004d88                _romp_at = ((___ROM_AT + SIZEOF (.data)) + SIZEOF (.user_data2))

.romp           0x20000000       0x24 load address 0x00004d88
                0x00004d88                __S_romp = _romp_at
                0x20000000        0x4 LONG 0x4cbc ___ROM_AT
                0x20000004        0x4 LONG 0x1fff8000 _sdata
                0x20000008        0x4 LONG 0xcc ___data_size
                0x2000000c        0x4 LONG 0x4d88 ___m_data2_ROMStart
                0x20000010        0x4 LONG 0x20000000 ___m_data2_RAMStart
                0x20000014        0x4 LONG 0x0 ___m_data2_ROMSize
                0x20000018        0x4 LONG 0x0
                0x2000001c        0x4 LONG 0x0
                0x20000020        0x4 LONG 0x0

.ARM.attributes
                0x00000000       0x33
 *(.ARM.attributes)
 .ARM.attributes
                0x00000000       0x33 ./Project_Settings/Startup_Code/kinetis_sysinit.o
 .ARM.attributes
                0x00000033       0x33 ./Project_Settings/Startup_Code/__arm_start.o
 .ARM.attributes
                0x00000066       0x33 ./Project_Settings/Startup_Code/__arm_end.o
 .ARM.attributes
                0x00000099       0x33 ./Project_Sources/ui.o
 .ARM.attributes
                0x000000cc       0x33 ./Project_Sources/serv.o
 .ARM.attributes
                0x000000ff       0x33 ./Project_Sources/schd.o
 .ARM.attributes
                0x00000132       0x33 ./Project_Sources/mot.o
 .ARM.attributes
                0x00000165       0x33 ./Project_Sources/lcd.o
 .ARM.attributes
                0x00000198       0x33 ./Project_Sources/hl.o
 .ARM.attributes
                0x000001cb       0x33 ./Project_Sources/hello_world.o
 .ARM.attributes
                0x000001fe       0x33 ./Project_Sources/exec.o
 .ARM.attributes
                0x00000231       0x33 ./Project_Sources/cont.o
 .ARM.attributes
                0x00000264       0x33 ./Project_Sources/comms.o
 .ARM.attributes
                0x00000297       0x33 ./Project_Sources/cam.o
 .ARM.attributes
                0x000002ca       0x33 ./Project_Sources/adc.o
 .ARM.attributes
                0x000002fd       0x33 ./cpu/sysinit.o
 .ARM.attributes
                0x00000330       0x33 ./cpu/arm_cm4.o
 .ARM.attributes
                0x00000363       0x33 ./drivers/mcg/mcg.o
 .ARM.attributes
                0x00000396       0x33 ./drivers/uart/uart.o
 .ARM.attributes
                0x000003c9       0x33 C:/Freescale/CW MCU v10.5/MCU/ARM_GCC_Support/ewl/lib/armv7e-m\libc.a(printf.o)
 .ARM.attributes
                0x000003fc       0x33 C:/Freescale/CW MCU v10.5/MCU/ARM_GCC_Support/ewl/lib/armv7e-m\libc.a(puts.o)
 .ARM.attributes
                0x0000042f       0x33 C:/Freescale/CW MCU v10.5/MCU/ARM_GCC_Support/ewl/lib/armv7e-m\libc.a(exit.o)
 .ARM.attributes
                0x00000462       0x33 C:/Freescale/CW MCU v10.5/MCU/ARM_GCC_Support/ewl/lib/armv7e-m\libc.a(memset.o)
 .ARM.attributes
                0x00000495       0x33 C:/Freescale/CW MCU v10.5/MCU/ARM_GCC_Support/ewl/lib/armv7e-m\libc.a(printformat_.o)
 .ARM.attributes
                0x000004c8       0x33 C:/Freescale/CW MCU v10.5/MCU/ARM_GCC_Support/ewl/lib/armv7e-m\libc.a(__putchar.o)
 .ARM.attributes
                0x000004fb       0x33 C:/Freescale/CW MCU v10.5/MCU/ARM_GCC_Support/ewl/lib/armv7e-m\libc.a(ansi_files.o)
 .ARM.attributes
                0x0000052e       0x33 C:/Freescale/CW MCU v10.5/MCU/ARM_GCC_Support/ewl/lib/armv7e-m\libc.a(fwrite.o)
 .ARM.attributes
                0x00000561       0x33 C:/Freescale/CW MCU v10.5/MCU/ARM_GCC_Support/ewl/lib/armv7e-m\libc.a(__filll_mem.o)
 .ARM.attributes
                0x00000594       0x33 C:/Freescale/CW MCU v10.5/MCU/ARM_GCC_Support/ewl/lib/armv7e-m\libc.a(__memrchr.o)
 .ARM.attributes
                0x000005c7       0x33 C:/Freescale/CW MCU v10.5/MCU/ARM_GCC_Support/ewl/lib/armv7e-m\libc.a(memchr.o)
 .ARM.attributes
                0x000005fa       0x33 C:/Freescale/CW MCU v10.5/MCU/ARM_GCC_Support/ewl/lib/armv7e-m\libc.a(memcpy.o)
 .ARM.attributes
                0x0000062d       0x33 C:/Freescale/CW MCU v10.5/MCU/ARM_GCC_Support/ewl/lib/armv7e-m\libc.a(strchr.o)
 .ARM.attributes
                0x00000660       0x33 C:/Freescale/CW MCU v10.5/MCU/ARM_GCC_Support/ewl/lib/armv7e-m\libc.a(strlen.o)
 .ARM.attributes
                0x00000693       0x33 C:/Freescale/CW MCU v10.5/MCU/ARM_GCC_Support/ewl/lib/armv7e-m\libc.a(__buffer_io.o)
 .ARM.attributes
                0x000006c6       0x1e c:/freescale/cw mcu v10.5/cross_tools/arm-none-eabi-gcc-4_7_3/bin/../lib/gcc/arm-none-eabi/4.7.3/armv7e-m\libgcc.a(_arm_addsubsf3.o)
 .ARM.attributes
                0x000006e4       0x1e c:/freescale/cw mcu v10.5/cross_tools/arm-none-eabi-gcc-4_7_3/bin/../lib/gcc/arm-none-eabi/4.7.3/armv7e-m\libgcc.a(_arm_muldivsf3.o)
 .ARM.attributes
                0x00000702       0x1e c:/freescale/cw mcu v10.5/cross_tools/arm-none-eabi-gcc-4_7_3/bin/../lib/gcc/arm-none-eabi/4.7.3/armv7e-m\libgcc.a(_arm_fixsfsi.o)
 .ARM.attributes
                0x00000720       0x33 C:/Freescale/CW MCU v10.5/MCU/ARM_GCC_Support/ewl/lib/armv7e-m\libhosted.a(semihosted_console_io.o)
 .ARM.attributes
                0x00000753       0x33 C:/Freescale/CW MCU v10.5/MCU/ARM_GCC_Support/ewl/lib/armv7e-m\libhosted.a(semihosted_file_io.o)
 .ARM.attributes
                0x00000786       0x33 C:/Freescale/CW MCU v10.5/MCU/ARM_GCC_Support/ewl/lib/armv7e-m\librt.a(gcc_ctor_dtor.o)
 .ARM.attributes
                0x000007b9       0x33 C:/Freescale/CW MCU v10.5/MCU/ARM_GCC_Support/ewl/lib/armv7e-m\librt.a(ROMCopy.o)
 .ARM.attributes
                0x000007ec       0x33 C:/Freescale/CW MCU v10.5/MCU/ARM_GCC_Support/ewl/lib/armv7e-m\librt.a(__arm_eabi_init.o)
OUTPUT(hello_world.elf elf32-littlearm)

.debug_info     0x00000000     0x9e06
 .debug_info    0x00000000      0x2d6 ./Project_Settings/Startup_Code/kinetis_sysinit.o
 .debug_info    0x000002d6      0x25f ./Project_Settings/Startup_Code/__arm_start.o
 .debug_info    0x00000535       0x5b ./Project_Settings/Startup_Code/__arm_end.o
 .debug_info    0x00000590      0x43e ./Project_Sources/ui.o
 .debug_info    0x000009ce      0x5f8 ./Project_Sources/serv.o
 .debug_info    0x00000fc6      0x399 ./Project_Sources/schd.o
 .debug_info    0x0000135f      0x689 ./Project_Sources/mot.o
 .debug_info    0x000019e8      0x814 ./Project_Sources/lcd.o
 .debug_info    0x000021fc      0x418 ./Project_Sources/hl.o
 .debug_info    0x00002614       0xc9 ./Project_Sources/hello_world.o
 .debug_info    0x000026dd      0x71d ./Project_Sources/exec.o
 .debug_info    0x00002dfa      0x725 ./Project_Sources/cont.o
 .debug_info    0x0000351f      0x7ea ./Project_Sources/comms.o
 .debug_info    0x00003d09      0x6fc ./Project_Sources/cam.o
 .debug_info    0x00004405      0x506 ./Project_Sources/adc.o
 .debug_info    0x0000490b      0x702 ./cpu/sysinit.o
 .debug_info    0x0000500d      0x4fc ./cpu/arm_cm4.o
 .debug_info    0x00005509      0x793 ./drivers/mcg/mcg.o
 .debug_info    0x00005c9c      0x5b0 ./drivers/uart/uart.o
 .debug_info    0x0000624c      0x399 C:/Freescale/CW MCU v10.5/MCU/ARM_GCC_Support/ewl/lib/armv7e-m\libc.a(printf.o)
 .debug_info    0x000065e5      0x38a C:/Freescale/CW MCU v10.5/MCU/ARM_GCC_Support/ewl/lib/armv7e-m\libc.a(puts.o)
 .debug_info    0x0000696f       0xe8 C:/Freescale/CW MCU v10.5/MCU/ARM_GCC_Support/ewl/lib/armv7e-m\libc.a(exit.o)
 .debug_info    0x00006a57       0xec C:/Freescale/CW MCU v10.5/MCU/ARM_GCC_Support/ewl/lib/armv7e-m\libc.a(memset.o)
 .debug_info    0x00006b43      0x50e C:/Freescale/CW MCU v10.5/MCU/ARM_GCC_Support/ewl/lib/armv7e-m\libc.a(printformat_.o)
 .debug_info    0x00007051      0x3fa C:/Freescale/CW MCU v10.5/MCU/ARM_GCC_Support/ewl/lib/armv7e-m\libc.a(__putchar.o)
 .debug_info    0x0000744b      0x4c6 C:/Freescale/CW MCU v10.5/MCU/ARM_GCC_Support/ewl/lib/armv7e-m\libc.a(ansi_files.o)
 .debug_info    0x00007911      0x60a C:/Freescale/CW MCU v10.5/MCU/ARM_GCC_Support/ewl/lib/armv7e-m\libc.a(fwrite.o)
 .debug_info    0x00007f1b      0x135 C:/Freescale/CW MCU v10.5/MCU/ARM_GCC_Support/ewl/lib/armv7e-m\libc.a(__filll_mem.o)
 .debug_info    0x00008050      0x116 C:/Freescale/CW MCU v10.5/MCU/ARM_GCC_Support/ewl/lib/armv7e-m\libc.a(__memrchr.o)
 .debug_info    0x00008166      0x120 C:/Freescale/CW MCU v10.5/MCU/ARM_GCC_Support/ewl/lib/armv7e-m\libc.a(memchr.o)
 .debug_info    0x00008286      0x10f C:/Freescale/CW MCU v10.5/MCU/ARM_GCC_Support/ewl/lib/armv7e-m\libc.a(memcpy.o)
 .debug_info    0x00008395      0x108 C:/Freescale/CW MCU v10.5/MCU/ARM_GCC_Support/ewl/lib/armv7e-m\libc.a(strchr.o)
 .debug_info    0x0000849d       0xeb C:/Freescale/CW MCU v10.5/MCU/ARM_GCC_Support/ewl/lib/armv7e-m\libc.a(strlen.o)
 .debug_info    0x00008588      0x45d C:/Freescale/CW MCU v10.5/MCU/ARM_GCC_Support/ewl/lib/armv7e-m\libc.a(__buffer_io.o)
 .debug_info    0x000089e5      0x232 C:/Freescale/CW MCU v10.5/MCU/ARM_GCC_Support/ewl/lib/armv7e-m\libhosted.a(semihosted_console_io.o)
 .debug_info    0x00008c17      0xc6a C:/Freescale/CW MCU v10.5/MCU/ARM_GCC_Support/ewl/lib/armv7e-m\libhosted.a(semihosted_file_io.o)
 .debug_info    0x00009881      0x136 C:/Freescale/CW MCU v10.5/MCU/ARM_GCC_Support/ewl/lib/armv7e-m\librt.a(gcc_ctor_dtor.o)
 .debug_info    0x000099b7      0x19a C:/Freescale/CW MCU v10.5/MCU/ARM_GCC_Support/ewl/lib/armv7e-m\librt.a(ROMCopy.o)
 .debug_info    0x00009b51      0x2b5 C:/Freescale/CW MCU v10.5/MCU/ARM_GCC_Support/ewl/lib/armv7e-m\librt.a(__arm_eabi_init.o)

.debug_abbrev   0x00000000     0x2cc2
 .debug_abbrev  0x00000000      0x142 ./Project_Settings/Startup_Code/kinetis_sysinit.o
 .debug_abbrev  0x00000142      0x158 ./Project_Settings/Startup_Code/__arm_start.o
 .debug_abbrev  0x0000029a       0x54 ./Project_Settings/Startup_Code/__arm_end.o
 .debug_abbrev  0x000002ee      0x172 ./Project_Sources/ui.o
 .debug_abbrev  0x00000460       0xe2 ./Project_Sources/serv.o
 .debug_abbrev  0x00000542       0xd2 ./Project_Sources/schd.o
 .debug_abbrev  0x00000614      0x105 ./Project_Sources/mot.o
 .debug_abbrev  0x00000719      0x1b3 ./Project_Sources/lcd.o
 .debug_abbrev  0x000008cc       0xc4 ./Project_Sources/hl.o
 .debug_abbrev  0x00000990       0x79 ./Project_Sources/hello_world.o
 .debug_abbrev  0x00000a09      0x1c7 ./Project_Sources/exec.o
 .debug_abbrev  0x00000bd0      0x1ce ./Project_Sources/cont.o
 .debug_abbrev  0x00000d9e      0x244 ./Project_Sources/comms.o
 .debug_abbrev  0x00000fe2      0x14e ./Project_Sources/cam.o
 .debug_abbrev  0x00001130      0x14d ./Project_Sources/adc.o
 .debug_abbrev  0x0000127d      0x188 ./cpu/sysinit.o
 .debug_abbrev  0x00001405      0x17e ./cpu/arm_cm4.o
 .debug_abbrev  0x00001583      0x1ac ./drivers/mcg/mcg.o
 .debug_abbrev  0x0000172f      0x186 ./drivers/uart/uart.o
 .debug_abbrev  0x000018b5      0x107 C:/Freescale/CW MCU v10.5/MCU/ARM_GCC_Support/ewl/lib/armv7e-m\libc.a(printf.o)
 .debug_abbrev  0x000019bc      0x10a C:/Freescale/CW MCU v10.5/MCU/ARM_GCC_Support/ewl/lib/armv7e-m\libc.a(puts.o)
 .debug_abbrev  0x00001ac6       0x7a C:/Freescale/CW MCU v10.5/MCU/ARM_GCC_Support/ewl/lib/armv7e-m\libc.a(exit.o)
 .debug_abbrev  0x00001b40       0x62 C:/Freescale/CW MCU v10.5/MCU/ARM_GCC_Support/ewl/lib/armv7e-m\libc.a(memset.o)
 .debug_abbrev  0x00001ba2      0x200 C:/Freescale/CW MCU v10.5/MCU/ARM_GCC_Support/ewl/lib/armv7e-m\libc.a(printformat_.o)
 .debug_abbrev  0x00001da2       0xf8 C:/Freescale/CW MCU v10.5/MCU/ARM_GCC_Support/ewl/lib/armv7e-m\libc.a(__putchar.o)
 .debug_abbrev  0x00001e9a       0xfa C:/Freescale/CW MCU v10.5/MCU/ARM_GCC_Support/ewl/lib/armv7e-m\libc.a(ansi_files.o)
 .debug_abbrev  0x00001f94      0x15b C:/Freescale/CW MCU v10.5/MCU/ARM_GCC_Support/ewl/lib/armv7e-m\libc.a(fwrite.o)
 .debug_abbrev  0x000020ef       0x87 C:/Freescale/CW MCU v10.5/MCU/ARM_GCC_Support/ewl/lib/armv7e-m\libc.a(__filll_mem.o)
 .debug_abbrev  0x00002176       0x95 C:/Freescale/CW MCU v10.5/MCU/ARM_GCC_Support/ewl/lib/armv7e-m\libc.a(__memrchr.o)
 .debug_abbrev  0x0000220b       0x95 C:/Freescale/CW MCU v10.5/MCU/ARM_GCC_Support/ewl/lib/armv7e-m\libc.a(memchr.o)
 .debug_abbrev  0x000022a0       0x95 C:/Freescale/CW MCU v10.5/MCU/ARM_GCC_Support/ewl/lib/armv7e-m\libc.a(memcpy.o)
 .debug_abbrev  0x00002335       0x89 C:/Freescale/CW MCU v10.5/MCU/ARM_GCC_Support/ewl/lib/armv7e-m\libc.a(strchr.o)
 .debug_abbrev  0x000023be       0x7a C:/Freescale/CW MCU v10.5/MCU/ARM_GCC_Support/ewl/lib/armv7e-m\libc.a(strlen.o)
 .debug_abbrev  0x00002438      0x142 C:/Freescale/CW MCU v10.5/MCU/ARM_GCC_Support/ewl/lib/armv7e-m\libc.a(__buffer_io.o)
 .debug_abbrev  0x0000257a      0x137 C:/Freescale/CW MCU v10.5/MCU/ARM_GCC_Support/ewl/lib/armv7e-m\libhosted.a(semihosted_console_io.o)
 .debug_abbrev  0x000026b1      0x275 C:/Freescale/CW MCU v10.5/MCU/ARM_GCC_Support/ewl/lib/armv7e-m\libhosted.a(semihosted_file_io.o)
 .debug_abbrev  0x00002926       0x99 C:/Freescale/CW MCU v10.5/MCU/ARM_GCC_Support/ewl/lib/armv7e-m\librt.a(gcc_ctor_dtor.o)
 .debug_abbrev  0x000029bf      0x137 C:/Freescale/CW MCU v10.5/MCU/ARM_GCC_Support/ewl/lib/armv7e-m\librt.a(ROMCopy.o)
 .debug_abbrev  0x00002af6      0x1cc C:/Freescale/CW MCU v10.5/MCU/ARM_GCC_Support/ewl/lib/armv7e-m\librt.a(__arm_eabi_init.o)

.debug_loc      0x00000000     0x36c7
 .debug_loc     0x00000000       0x20 ./Project_Settings/Startup_Code/kinetis_sysinit.o
 .debug_loc     0x00000020       0x40 ./Project_Sources/ui.o
 .debug_loc     0x00000060       0x2c ./Project_Sources/schd.o
 .debug_loc     0x0000008c       0x20 ./Project_Sources/mot.o
 .debug_loc     0x000000ac      0x389 ./Project_Sources/lcd.o
 .debug_loc     0x00000435       0x20 ./Project_Sources/hello_world.o
 .debug_loc     0x00000455       0x60 ./Project_Sources/exec.o
 .debug_loc     0x000004b5      0x923 ./Project_Sources/cont.o
 .debug_loc     0x00000dd8       0xfd ./Project_Sources/comms.o
 .debug_loc     0x00000ed5       0xa0 ./Project_Sources/cam.o
 .debug_loc     0x00000f75       0xba ./Project_Sources/adc.o
 .debug_loc     0x0000102f       0x20 ./cpu/sysinit.o
 .debug_loc     0x0000104f      0x121 ./cpu/arm_cm4.o
 .debug_loc     0x00001170      0x25c ./drivers/mcg/mcg.o
 .debug_loc     0x000013cc      0x195 ./drivers/uart/uart.o
 .debug_loc     0x00001561       0x2c C:/Freescale/CW MCU v10.5/MCU/ARM_GCC_Support/ewl/lib/armv7e-m\libc.a(printf.o)
 .debug_loc     0x0000158d       0x67 C:/Freescale/CW MCU v10.5/MCU/ARM_GCC_Support/ewl/lib/armv7e-m\libc.a(puts.o)
 .debug_loc     0x000015f4       0x3e C:/Freescale/CW MCU v10.5/MCU/ARM_GCC_Support/ewl/lib/armv7e-m\libc.a(exit.o)
 .debug_loc     0x00001632       0x64 C:/Freescale/CW MCU v10.5/MCU/ARM_GCC_Support/ewl/lib/armv7e-m\libc.a(memset.o)
 .debug_loc     0x00001696      0xbdc C:/Freescale/CW MCU v10.5/MCU/ARM_GCC_Support/ewl/lib/armv7e-m\libc.a(printformat_.o)
 .debug_loc     0x00002272       0x87 C:/Freescale/CW MCU v10.5/MCU/ARM_GCC_Support/ewl/lib/armv7e-m\libc.a(__putchar.o)
 .debug_loc     0x000022f9       0xb2 C:/Freescale/CW MCU v10.5/MCU/ARM_GCC_Support/ewl/lib/armv7e-m\libc.a(ansi_files.o)
 .debug_loc     0x000023ab      0x2e9 C:/Freescale/CW MCU v10.5/MCU/ARM_GCC_Support/ewl/lib/armv7e-m\libc.a(fwrite.o)
 .debug_loc     0x00002694      0x12c C:/Freescale/CW MCU v10.5/MCU/ARM_GCC_Support/ewl/lib/armv7e-m\libc.a(__filll_mem.o)
 .debug_loc     0x000027c0       0x82 C:/Freescale/CW MCU v10.5/MCU/ARM_GCC_Support/ewl/lib/armv7e-m\libc.a(__memrchr.o)
 .debug_loc     0x00002842       0x62 C:/Freescale/CW MCU v10.5/MCU/ARM_GCC_Support/ewl/lib/armv7e-m\libc.a(memchr.o)
 .debug_loc     0x000028a4       0x59 C:/Freescale/CW MCU v10.5/MCU/ARM_GCC_Support/ewl/lib/armv7e-m\libc.a(memcpy.o)
 .debug_loc     0x000028fd       0x7c C:/Freescale/CW MCU v10.5/MCU/ARM_GCC_Support/ewl/lib/armv7e-m\libc.a(strchr.o)
 .debug_loc     0x00002979       0x26 C:/Freescale/CW MCU v10.5/MCU/ARM_GCC_Support/ewl/lib/armv7e-m\libc.a(strlen.o)
 .debug_loc     0x0000299f      0x144 C:/Freescale/CW MCU v10.5/MCU/ARM_GCC_Support/ewl/lib/armv7e-m\libc.a(__buffer_io.o)
 .debug_loc     0x00002ae3      0x165 C:/Freescale/CW MCU v10.5/MCU/ARM_GCC_Support/ewl/lib/armv7e-m\libhosted.a(semihosted_console_io.o)
 .debug_loc     0x00002c48      0x7e5 C:/Freescale/CW MCU v10.5/MCU/ARM_GCC_Support/ewl/lib/armv7e-m\libhosted.a(semihosted_file_io.o)
 .debug_loc     0x0000342d       0x9d C:/Freescale/CW MCU v10.5/MCU/ARM_GCC_Support/ewl/lib/armv7e-m\librt.a(gcc_ctor_dtor.o)
 .debug_loc     0x000034ca       0xb9 C:/Freescale/CW MCU v10.5/MCU/ARM_GCC_Support/ewl/lib/armv7e-m\librt.a(ROMCopy.o)
 .debug_loc     0x00003583      0x144 C:/Freescale/CW MCU v10.5/MCU/ARM_GCC_Support/ewl/lib/armv7e-m\librt.a(__arm_eabi_init.o)

.debug_aranges  0x00000000      0x650
 .debug_aranges
                0x00000000       0x20 ./Project_Settings/Startup_Code/kinetis_sysinit.o
 .debug_aranges
                0x00000020       0x20 ./Project_Settings/Startup_Code/__arm_start.o
 .debug_aranges
                0x00000040       0x20 ./Project_Settings/Startup_Code/__arm_end.o
 .debug_aranges
                0x00000060       0x20 ./Project_Sources/ui.o
 .debug_aranges
                0x00000080       0x20 ./Project_Sources/serv.o
 .debug_aranges
                0x000000a0       0x20 ./Project_Sources/schd.o
 .debug_aranges
                0x000000c0       0x20 ./Project_Sources/mot.o
 .debug_aranges
                0x000000e0       0x20 ./Project_Sources/lcd.o
 .debug_aranges
                0x00000100       0x20 ./Project_Sources/hl.o
 .debug_aranges
                0x00000120       0x20 ./Project_Sources/hello_world.o
 .debug_aranges
                0x00000140       0x20 ./Project_Sources/exec.o
 .debug_aranges
                0x00000160       0x20 ./Project_Sources/cont.o
 .debug_aranges
                0x00000180       0x20 ./Project_Sources/comms.o
 .debug_aranges
                0x000001a0       0x20 ./Project_Sources/cam.o
 .debug_aranges
                0x000001c0       0x20 ./Project_Sources/adc.o
 .debug_aranges
                0x000001e0       0x20 ./cpu/sysinit.o
 .debug_aranges
                0x00000200       0x20 ./cpu/arm_cm4.o
 .debug_aranges
                0x00000220       0x20 ./drivers/mcg/mcg.o
 .debug_aranges
                0x00000240       0x20 ./drivers/uart/uart.o
 .debug_aranges
                0x00000260       0x20 C:/Freescale/CW MCU v10.5/MCU/ARM_GCC_Support/ewl/lib/armv7e-m\libc.a(printf.o)
 .debug_aranges
                0x00000280       0x20 C:/Freescale/CW MCU v10.5/MCU/ARM_GCC_Support/ewl/lib/armv7e-m\libc.a(puts.o)
 .debug_aranges
                0x000002a0       0x20 C:/Freescale/CW MCU v10.5/MCU/ARM_GCC_Support/ewl/lib/armv7e-m\libc.a(exit.o)
 .debug_aranges
                0x000002c0       0x20 C:/Freescale/CW MCU v10.5/MCU/ARM_GCC_Support/ewl/lib/armv7e-m\libc.a(memset.o)
 .debug_aranges
                0x000002e0       0x28 C:/Freescale/CW MCU v10.5/MCU/ARM_GCC_Support/ewl/lib/armv7e-m\libc.a(printformat_.o)
 .debug_aranges
                0x00000308       0x20 C:/Freescale/CW MCU v10.5/MCU/ARM_GCC_Support/ewl/lib/armv7e-m\libc.a(__putchar.o)
 .debug_aranges
                0x00000328       0x28 C:/Freescale/CW MCU v10.5/MCU/ARM_GCC_Support/ewl/lib/armv7e-m\libc.a(ansi_files.o)
 .debug_aranges
                0x00000350       0x30 C:/Freescale/CW MCU v10.5/MCU/ARM_GCC_Support/ewl/lib/armv7e-m\libc.a(fwrite.o)
 .debug_aranges
                0x00000380       0x20 C:/Freescale/CW MCU v10.5/MCU/ARM_GCC_Support/ewl/lib/armv7e-m\libc.a(__filll_mem.o)
 .debug_aranges
                0x000003a0       0x20 C:/Freescale/CW MCU v10.5/MCU/ARM_GCC_Support/ewl/lib/armv7e-m\libc.a(__memrchr.o)
 .debug_aranges
                0x000003c0       0x20 C:/Freescale/CW MCU v10.5/MCU/ARM_GCC_Support/ewl/lib/armv7e-m\libc.a(memchr.o)
 .debug_aranges
                0x000003e0       0x20 C:/Freescale/CW MCU v10.5/MCU/ARM_GCC_Support/ewl/lib/armv7e-m\libc.a(memcpy.o)
 .debug_aranges
                0x00000400       0x20 C:/Freescale/CW MCU v10.5/MCU/ARM_GCC_Support/ewl/lib/armv7e-m\libc.a(strchr.o)
 .debug_aranges
                0x00000420       0x20 C:/Freescale/CW MCU v10.5/MCU/ARM_GCC_Support/ewl/lib/armv7e-m\libc.a(strlen.o)
 .debug_aranges
                0x00000440       0x30 C:/Freescale/CW MCU v10.5/MCU/ARM_GCC_Support/ewl/lib/armv7e-m\libc.a(__buffer_io.o)
 .debug_aranges
                0x00000470       0x50 C:/Freescale/CW MCU v10.5/MCU/ARM_GCC_Support/ewl/lib/armv7e-m\libhosted.a(semihosted_console_io.o)
 .debug_aranges
                0x000004c0       0xe0 C:/Freescale/CW MCU v10.5/MCU/ARM_GCC_Support/ewl/lib/armv7e-m\libhosted.a(semihosted_file_io.o)
 .debug_aranges
                0x000005a0       0x28 C:/Freescale/CW MCU v10.5/MCU/ARM_GCC_Support/ewl/lib/armv7e-m\librt.a(gcc_ctor_dtor.o)
 .debug_aranges
                0x000005c8       0x30 C:/Freescale/CW MCU v10.5/MCU/ARM_GCC_Support/ewl/lib/armv7e-m\librt.a(ROMCopy.o)
 .debug_aranges
                0x000005f8       0x58 C:/Freescale/CW MCU v10.5/MCU/ARM_GCC_Support/ewl/lib/armv7e-m\librt.a(__arm_eabi_init.o)

.debug_macro    0x00000000    0x13de5
 .debug_macro   0x00000000       0x9b ./Project_Settings/Startup_Code/kinetis_sysinit.o
 .debug_macro   0x0000009b      0x7fc ./Project_Settings/Startup_Code/kinetis_sysinit.o
 .debug_macro   0x00000897       0x28 ./Project_Settings/Startup_Code/kinetis_sysinit.o
 .debug_macro   0x000008bf       0x10 ./Project_Settings/Startup_Code/kinetis_sysinit.o
 .debug_macro   0x000008cf       0x16 ./Project_Settings/Startup_Code/kinetis_sysinit.o
 .debug_macro   0x000008e5       0x58 ./Project_Settings/Startup_Code/kinetis_sysinit.o
 .debug_macro   0x0000093d      0x1b5 ./Project_Settings/Startup_Code/kinetis_sysinit.o
 .debug_macro   0x00000af2      0x147 ./Project_Settings/Startup_Code/kinetis_sysinit.o
 .debug_macro   0x00000c39       0x9d ./Project_Settings/Startup_Code/kinetis_sysinit.o
 .debug_macro   0x00000cd6       0x10 ./Project_Settings/Startup_Code/kinetis_sysinit.o
 .debug_macro   0x00000ce6      0x1a1 ./Project_Settings/Startup_Code/kinetis_sysinit.o
 .debug_macro   0x00000e87    0x10827 ./Project_Settings/Startup_Code/kinetis_sysinit.o
 .debug_macro   0x000116ae       0xed ./Project_Settings/Startup_Code/__arm_start.o
 .debug_macro   0x0001179b       0x16 ./Project_Settings/Startup_Code/__arm_start.o
 .debug_macro   0x000117b1       0x16 ./Project_Settings/Startup_Code/__arm_start.o
 .debug_macro   0x000117c7       0x10 ./Project_Settings/Startup_Code/__arm_start.o
 .debug_macro   0x000117d7       0x2e ./Project_Settings/Startup_Code/__arm_start.o
 .debug_macro   0x00011805       0x10 ./Project_Settings/Startup_Code/__arm_start.o
 .debug_macro   0x00011815       0xa6 ./Project_Settings/Startup_Code/__arm_end.o
 .debug_macro   0x000118bb       0x16 ./Project_Settings/Startup_Code/__arm_end.o
 .debug_macro   0x000118d1       0x16 ./Project_Settings/Startup_Code/__arm_end.o
 .debug_macro   0x000118e7      0x21d ./Project_Sources/ui.o
 .debug_macro   0x00011b04       0x22 ./Project_Sources/ui.o
 .debug_macro   0x00011b26       0x34 ./Project_Sources/ui.o
 .debug_macro   0x00011b5a       0x34 ./Project_Sources/ui.o
 .debug_macro   0x00011b8e       0x16 ./Project_Sources/ui.o
 .debug_macro   0x00011ba4       0x8b ./Project_Sources/ui.o
 .debug_macro   0x00011c2f       0x22 ./Project_Sources/ui.o
 .debug_macro   0x00011c51       0x10 ./Project_Sources/ui.o
 .debug_macro   0x00011c61       0x20 ./Project_Sources/ui.o
 .debug_macro   0x00011c81      0x1f5 ./Project_Sources/ui.o
 .debug_macro   0x00011e76       0x1c ./Project_Sources/ui.o
 .debug_macro   0x00011e92       0x4c ./Project_Sources/ui.o
 .debug_macro   0x00011ede       0x16 ./Project_Sources/ui.o
 .debug_macro   0x00011ef4       0x1c ./Project_Sources/ui.o
 .debug_macro   0x00011f10       0x10 ./Project_Sources/ui.o
 .debug_macro   0x00011f20       0x2e ./Project_Sources/ui.o
 .debug_macro   0x00011f4e       0x1c ./Project_Sources/ui.o
 .debug_macro   0x00011f6a       0x10 ./Project_Sources/ui.o
 .debug_macro   0x00011f7a       0x52 ./Project_Sources/ui.o
 .debug_macro   0x00011fcc       0x40 ./Project_Sources/ui.o
 .debug_macro   0x0001200c      0x21d ./Project_Sources/serv.o
 .debug_macro   0x00012229      0x21d ./Project_Sources/schd.o
 .debug_macro   0x00012446      0x21d ./Project_Sources/mot.o
 .debug_macro   0x00012663      0x217 ./Project_Sources/lcd.o
 .debug_macro   0x0001287a      0x217 ./Project_Sources/hl.o
 .debug_macro   0x00012a91      0x217 ./Project_Sources/hello_world.o
 .debug_macro   0x00012ca8      0x21d ./Project_Sources/exec.o
 .debug_macro   0x00012ec5      0x21d ./Project_Sources/cont.o
 .debug_macro   0x000130e2      0x21d ./Project_Sources/comms.o
 .debug_macro   0x000132ff      0x21d ./Project_Sources/cam.o
 .debug_macro   0x0001351c      0x21d ./Project_Sources/adc.o
 .debug_macro   0x00013739      0x1b2 ./cpu/sysinit.o
 .debug_macro   0x000138eb      0x1a4 ./cpu/arm_cm4.o
 .debug_macro   0x00013a8f      0x1a8 ./drivers/mcg/mcg.o
 .debug_macro   0x00013c37      0x1ae ./drivers/uart/uart.o

.debug_line     0x00000000     0x5d1c
 .debug_line    0x00000000      0x23e ./Project_Settings/Startup_Code/kinetis_sysinit.o
 .debug_line    0x0000023e      0x24c ./Project_Settings/Startup_Code/__arm_start.o
 .debug_line    0x0000048a      0x242 ./Project_Settings/Startup_Code/__arm_end.o
 .debug_line    0x000006cc      0x403 ./Project_Sources/ui.o
 .debug_line    0x00000acf      0x3db ./Project_Sources/serv.o
 .debug_line    0x00000eaa      0x429 ./Project_Sources/schd.o
 .debug_line    0x000012d3      0x3ef ./Project_Sources/mot.o
 .debug_line    0x000016c2      0x498 ./Project_Sources/lcd.o
 .debug_line    0x00001b5a      0x3ca ./Project_Sources/hl.o
 .debug_line    0x00001f24      0x3d1 ./Project_Sources/hello_world.o
 .debug_line    0x000022f5      0x443 ./Project_Sources/exec.o
 .debug_line    0x00002738      0x790 ./Project_Sources/cont.o
 .debug_line    0x00002ec8      0x41f ./Project_Sources/comms.o
 .debug_line    0x000032e7      0x3ee ./Project_Sources/cam.o
 .debug_line    0x000036d5      0x3ef ./Project_Sources/adc.o
 .debug_line    0x00003ac4      0x3a4 ./cpu/sysinit.o
 .debug_line    0x00003e68      0x390 ./cpu/arm_cm4.o
 .debug_line    0x000041f8      0x426 ./drivers/mcg/mcg.o
 .debug_line    0x0000461e      0x390 ./drivers/uart/uart.o
 .debug_line    0x000049ae       0xb6 C:/Freescale/CW MCU v10.5/MCU/ARM_GCC_Support/ewl/lib/armv7e-m\libc.a(printf.o)
 .debug_line    0x00004a64       0x9c C:/Freescale/CW MCU v10.5/MCU/ARM_GCC_Support/ewl/lib/armv7e-m\libc.a(puts.o)
 .debug_line    0x00004b00       0x94 C:/Freescale/CW MCU v10.5/MCU/ARM_GCC_Support/ewl/lib/armv7e-m\libc.a(exit.o)
 .debug_line    0x00004b94       0x8f C:/Freescale/CW MCU v10.5/MCU/ARM_GCC_Support/ewl/lib/armv7e-m\libc.a(memset.o)
 .debug_line    0x00004c23      0x2b4 C:/Freescale/CW MCU v10.5/MCU/ARM_GCC_Support/ewl/lib/armv7e-m\libc.a(printformat_.o)
 .debug_line    0x00004ed7       0xc2 C:/Freescale/CW MCU v10.5/MCU/ARM_GCC_Support/ewl/lib/armv7e-m\libc.a(__putchar.o)
 .debug_line    0x00004f99       0xc0 C:/Freescale/CW MCU v10.5/MCU/ARM_GCC_Support/ewl/lib/armv7e-m\libc.a(ansi_files.o)
 .debug_line    0x00005059      0x155 C:/Freescale/CW MCU v10.5/MCU/ARM_GCC_Support/ewl/lib/armv7e-m\libc.a(fwrite.o)
 .debug_line    0x000051ae       0xcd C:/Freescale/CW MCU v10.5/MCU/ARM_GCC_Support/ewl/lib/armv7e-m\libc.a(__filll_mem.o)
 .debug_line    0x0000527b       0x99 C:/Freescale/CW MCU v10.5/MCU/ARM_GCC_Support/ewl/lib/armv7e-m\libc.a(__memrchr.o)
 .debug_line    0x00005314       0x9f C:/Freescale/CW MCU v10.5/MCU/ARM_GCC_Support/ewl/lib/armv7e-m\libc.a(memchr.o)
 .debug_line    0x000053b3       0x8b C:/Freescale/CW MCU v10.5/MCU/ARM_GCC_Support/ewl/lib/armv7e-m\libc.a(memcpy.o)
 .debug_line    0x0000543e       0x7d C:/Freescale/CW MCU v10.5/MCU/ARM_GCC_Support/ewl/lib/armv7e-m\libc.a(strchr.o)
 .debug_line    0x000054bb       0x83 C:/Freescale/CW MCU v10.5/MCU/ARM_GCC_Support/ewl/lib/armv7e-m\libc.a(strlen.o)
 .debug_line    0x0000553e       0xfa C:/Freescale/CW MCU v10.5/MCU/ARM_GCC_Support/ewl/lib/armv7e-m\libc.a(__buffer_io.o)
 .debug_line    0x00005638      0x14c C:/Freescale/CW MCU v10.5/MCU/ARM_GCC_Support/ewl/lib/armv7e-m\libhosted.a(semihosted_console_io.o)
 .debug_line    0x00005784      0x377 C:/Freescale/CW MCU v10.5/MCU/ARM_GCC_Support/ewl/lib/armv7e-m\libhosted.a(semihosted_file_io.o)
 .debug_line    0x00005afb       0x67 C:/Freescale/CW MCU v10.5/MCU/ARM_GCC_Support/ewl/lib/armv7e-m\librt.a(gcc_ctor_dtor.o)
 .debug_line    0x00005b62       0xa9 C:/Freescale/CW MCU v10.5/MCU/ARM_GCC_Support/ewl/lib/armv7e-m\librt.a(ROMCopy.o)
 .debug_line    0x00005c0b      0x111 C:/Freescale/CW MCU v10.5/MCU/ARM_GCC_Support/ewl/lib/armv7e-m\librt.a(__arm_eabi_init.o)

.debug_str      0x00000000    0x5c334
 .debug_str     0x00000000    0x590f8 ./Project_Settings/Startup_Code/kinetis_sysinit.o
                              0x5917b (size before relaxing)
 .debug_str     0x000590f8      0x28c ./Project_Settings/Startup_Code/__arm_start.o
                               0x3b8e (size before relaxing)
 .debug_str     0x00059384      0x17a ./Project_Settings/Startup_Code/__arm_end.o
                               0x3162 (size before relaxing)
 .debug_str     0x000594fe     0x119a ./Project_Sources/ui.o
                              0x5a33a (size before relaxing)
 .debug_str     0x0005a698      0x11d ./Project_Sources/serv.o
                              0x5a3f8 (size before relaxing)
 .debug_str     0x0005a7b5      0x280 ./Project_Sources/schd.o
                              0x5a44f (size before relaxing)
 .debug_str     0x0005aa35       0xa3 ./Project_Sources/mot.o
                              0x5a459 (size before relaxing)
 .debug_str     0x0005aad8       0xd4 ./Project_Sources/lcd.o
                              0x5a389 (size before relaxing)
 .debug_str     0x0005abac       0x2d ./Project_Sources/hl.o
                              0x5a331 (size before relaxing)
 .debug_str     0x0005abd9       0x34 ./Project_Sources/hello_world.o
                              0x5a1f9 (size before relaxing)
 .debug_str     0x0005ac0d       0xbb ./Project_Sources/exec.o
                              0x5a477 (size before relaxing)
 .debug_str     0x0005acc8      0x223 ./Project_Sources/cont.o
                              0x5a4dd (size before relaxing)
 .debug_str     0x0005aeeb      0x156 ./Project_Sources/comms.o
                              0x5a476 (size before relaxing)
 .debug_str     0x0005b041       0x62 ./Project_Sources/cam.o
                              0x5a43e (size before relaxing)
 .debug_str     0x0005b0a3       0x9c ./Project_Sources/adc.o
                              0x5a372 (size before relaxing)
 .debug_str     0x0005b13f      0x103 ./cpu/sysinit.o
                              0x59a62 (size before relaxing)
 .debug_str     0x0005b242       0xb5 ./cpu/arm_cm4.o
                              0x5991c (size before relaxing)
 .debug_str     0x0005b2f7       0xe0 ./drivers/mcg/mcg.o
                              0x59a52 (size before relaxing)
 .debug_str     0x0005b3d7       0x55 ./drivers/uart/uart.o
                              0x5999d (size before relaxing)
 .debug_str     0x0005b42c      0x192 C:/Freescale/CW MCU v10.5/MCU/ARM_GCC_Support/ewl/lib/armv7e-m\libc.a(printf.o)
                                0x2e9 (size before relaxing)
 .debug_str     0x0005b5be       0x18 C:/Freescale/CW MCU v10.5/MCU/ARM_GCC_Support/ewl/lib/armv7e-m\libc.a(puts.o)
                                0x2cc (size before relaxing)
 .debug_str     0x0005b5d6       0x2e C:/Freescale/CW MCU v10.5/MCU/ARM_GCC_Support/ewl/lib/armv7e-m\libc.a(exit.o)
                                0x157 (size before relaxing)
 .debug_str     0x0005b604       0x15 C:/Freescale/CW MCU v10.5/MCU/ARM_GCC_Support/ewl/lib/armv7e-m\libc.a(memset.o)
                                0x140 (size before relaxing)
 .debug_str     0x0005b619      0x23f C:/Freescale/CW MCU v10.5/MCU/ARM_GCC_Support/ewl/lib/armv7e-m\libc.a(printformat_.o)
                                0x3b3 (size before relaxing)
 .debug_str     0x0005b858       0xe4 C:/Freescale/CW MCU v10.5/MCU/ARM_GCC_Support/ewl/lib/armv7e-m\libc.a(__putchar.o)
                                0x39e (size before relaxing)
 .debug_str     0x0005b93c       0xc6 C:/Freescale/CW MCU v10.5/MCU/ARM_GCC_Support/ewl/lib/armv7e-m\libc.a(ansi_files.o)
                                0x442 (size before relaxing)
 .debug_str     0x0005ba02      0x193 C:/Freescale/CW MCU v10.5/MCU/ARM_GCC_Support/ewl/lib/armv7e-m\libc.a(fwrite.o)
                                0x53b (size before relaxing)
 .debug_str     0x0005bb95       0x25 C:/Freescale/CW MCU v10.5/MCU/ARM_GCC_Support/ewl/lib/armv7e-m\libc.a(__filll_mem.o)
                                0x152 (size before relaxing)
 .debug_str     0x0005bbba       0x22 C:/Freescale/CW MCU v10.5/MCU/ARM_GCC_Support/ewl/lib/armv7e-m\libc.a(__memrchr.o)
                                0x145 (size before relaxing)
 .debug_str     0x0005bbdc       0x1c C:/Freescale/CW MCU v10.5/MCU/ARM_GCC_Support/ewl/lib/armv7e-m\libc.a(memchr.o)
                                0x148 (size before relaxing)
 .debug_str     0x0005bbf8       0x1c C:/Freescale/CW MCU v10.5/MCU/ARM_GCC_Support/ewl/lib/armv7e-m\libc.a(memcpy.o)
                                0x138 (size before relaxing)
 .debug_str     0x0005bc14       0x1c C:/Freescale/CW MCU v10.5/MCU/ARM_GCC_Support/ewl/lib/armv7e-m\libc.a(strchr.o)
                                0x137 (size before relaxing)
 .debug_str     0x0005bc30       0x1c C:/Freescale/CW MCU v10.5/MCU/ARM_GCC_Support/ewl/lib/armv7e-m\libc.a(strlen.o)
                                0x140 (size before relaxing)
 .debug_str     0x0005bc4c       0x8b C:/Freescale/CW MCU v10.5/MCU/ARM_GCC_Support/ewl/lib/armv7e-m\libc.a(__buffer_io.o)
                                0x373 (size before relaxing)
 .debug_str     0x0005bcd7       0xc1 C:/Freescale/CW MCU v10.5/MCU/ARM_GCC_Support/ewl/lib/armv7e-m\libhosted.a(semihosted_console_io.o)
                                0x1ac (size before relaxing)
 .debug_str     0x0005bd98      0x34b C:/Freescale/CW MCU v10.5/MCU/ARM_GCC_Support/ewl/lib/armv7e-m\libhosted.a(semihosted_file_io.o)
                                0x5f2 (size before relaxing)
 .debug_str     0x0005c0e3       0xfb C:/Freescale/CW MCU v10.5/MCU/ARM_GCC_Support/ewl/lib/armv7e-m\librt.a(gcc_ctor_dtor.o)
                                0x181 (size before relaxing)
 .debug_str     0x0005c1de       0x80 C:/Freescale/CW MCU v10.5/MCU/ARM_GCC_Support/ewl/lib/armv7e-m\librt.a(ROMCopy.o)
                                0x13c (size before relaxing)
 .debug_str     0x0005c25e       0xd6 C:/Freescale/CW MCU v10.5/MCU/ARM_GCC_Support/ewl/lib/armv7e-m\librt.a(__arm_eabi_init.o)
                                0x1b5 (size before relaxing)

.comment        0x00000000       0x79
 .comment       0x00000000       0x79 ./Project_Settings/Startup_Code/kinetis_sysinit.o
                                 0x7a (size before relaxing)
 .comment       0x00000000       0x7a ./Project_Settings/Startup_Code/__arm_start.o
 .comment       0x00000000       0x7a ./Project_Settings/Startup_Code/__arm_end.o
 .comment       0x00000000       0x7a ./Project_Sources/ui.o
 .comment       0x00000000       0x7a ./Project_Sources/serv.o
 .comment       0x00000000       0x7a ./Project_Sources/schd.o
 .comment       0x00000000       0x7a ./Project_Sources/mot.o
 .comment       0x00000000       0x7a ./Project_Sources/lcd.o
 .comment       0x00000000       0x7a ./Project_Sources/hl.o
 .comment       0x00000000       0x7a ./Project_Sources/hello_world.o
 .comment       0x00000000       0x7a ./Project_Sources/exec.o
 .comment       0x00000000       0x7a ./Project_Sources/cont.o
 .comment       0x00000000       0x7a ./Project_Sources/comms.o
 .comment       0x00000000       0x7a ./Project_Sources/cam.o
 .comment       0x00000000       0x7a ./Project_Sources/adc.o
 .comment       0x00000000       0x7a ./cpu/sysinit.o
 .comment       0x00000000       0x7a ./cpu/arm_cm4.o
 .comment       0x00000000       0x7a ./drivers/mcg/mcg.o
 .comment       0x00000000       0x7a ./drivers/uart/uart.o
 .comment       0x00000000       0x7a C:/Freescale/CW MCU v10.5/MCU/ARM_GCC_Support/ewl/lib/armv7e-m\libc.a(printf.o)
 .comment       0x00000000       0x7a C:/Freescale/CW MCU v10.5/MCU/ARM_GCC_Support/ewl/lib/armv7e-m\libc.a(puts.o)
 .comment       0x00000000       0x7a C:/Freescale/CW MCU v10.5/MCU/ARM_GCC_Support/ewl/lib/armv7e-m\libc.a(exit.o)
 .comment       0x00000000       0x7a C:/Freescale/CW MCU v10.5/MCU/ARM_GCC_Support/ewl/lib/armv7e-m\libc.a(memset.o)
 .comment       0x00000000       0x7a C:/Freescale/CW MCU v10.5/MCU/ARM_GCC_Support/ewl/lib/armv7e-m\libc.a(printformat_.o)
 .comment       0x00000000       0x7a C:/Freescale/CW MCU v10.5/MCU/ARM_GCC_Support/ewl/lib/armv7e-m\libc.a(__putchar.o)
 .comment       0x00000000       0x7a C:/Freescale/CW MCU v10.5/MCU/ARM_GCC_Support/ewl/lib/armv7e-m\libc.a(ansi_files.o)
 .comment       0x00000000       0x7a C:/Freescale/CW MCU v10.5/MCU/ARM_GCC_Support/ewl/lib/armv7e-m\libc.a(fwrite.o)
 .comment       0x00000000       0x7a C:/Freescale/CW MCU v10.5/MCU/ARM_GCC_Support/ewl/lib/armv7e-m\libc.a(__filll_mem.o)
 .comment       0x00000000       0x7a C:/Freescale/CW MCU v10.5/MCU/ARM_GCC_Support/ewl/lib/armv7e-m\libc.a(__memrchr.o)
 .comment       0x00000000       0x7a C:/Freescale/CW MCU v10.5/MCU/ARM_GCC_Support/ewl/lib/armv7e-m\libc.a(memchr.o)
 .comment       0x00000000       0x7a C:/Freescale/CW MCU v10.5/MCU/ARM_GCC_Support/ewl/lib/armv7e-m\libc.a(memcpy.o)
 .comment       0x00000000       0x7a C:/Freescale/CW MCU v10.5/MCU/ARM_GCC_Support/ewl/lib/armv7e-m\libc.a(strchr.o)
 .comment       0x00000000       0x7a C:/Freescale/CW MCU v10.5/MCU/ARM_GCC_Support/ewl/lib/armv7e-m\libc.a(strlen.o)
 .comment       0x00000000       0x7a C:/Freescale/CW MCU v10.5/MCU/ARM_GCC_Support/ewl/lib/armv7e-m\libc.a(__buffer_io.o)
 .comment       0x00000000       0x7a C:/Freescale/CW MCU v10.5/MCU/ARM_GCC_Support/ewl/lib/armv7e-m\libhosted.a(semihosted_console_io.o)
 .comment       0x00000000       0x7a C:/Freescale/CW MCU v10.5/MCU/ARM_GCC_Support/ewl/lib/armv7e-m\libhosted.a(semihosted_file_io.o)
 .comment       0x00000000       0x7a C:/Freescale/CW MCU v10.5/MCU/ARM_GCC_Support/ewl/lib/armv7e-m\librt.a(gcc_ctor_dtor.o)
 .comment       0x00000000       0x7a C:/Freescale/CW MCU v10.5/MCU/ARM_GCC_Support/ewl/lib/armv7e-m\librt.a(ROMCopy.o)
 .comment       0x00000000       0x7a C:/Freescale/CW MCU v10.5/MCU/ARM_GCC_Support/ewl/lib/armv7e-m\librt.a(__arm_eabi_init.o)

.debug_frame    0x00000000      0xe44
 .debug_frame   0x00000000       0x58 ./Project_Settings/Startup_Code/kinetis_sysinit.o
 .debug_frame   0x00000058       0x30 ./Project_Settings/Startup_Code/__arm_start.o
 .debug_frame   0x00000088       0x20 ./Project_Settings/Startup_Code/__arm_end.o
 .debug_frame   0x000000a8       0x44 ./Project_Sources/ui.o
 .debug_frame   0x000000ec       0x30 ./Project_Sources/serv.o
 .debug_frame   0x0000011c       0x38 ./Project_Sources/schd.o
 .debug_frame   0x00000154       0x58 ./Project_Sources/mot.o
 .debug_frame   0x000001ac       0x98 ./Project_Sources/lcd.o
 .debug_frame   0x00000244       0x40 ./Project_Sources/hl.o
 .debug_frame   0x00000284       0x28 ./Project_Sources/hello_world.o
 .debug_frame   0x000002ac       0x94 ./Project_Sources/exec.o
 .debug_frame   0x00000340       0xa0 ./Project_Sources/cont.o
 .debug_frame   0x000003e0       0x88 ./Project_Sources/comms.o
 .debug_frame   0x00000468       0x88 ./Project_Sources/cam.o
 .debug_frame   0x000004f0       0x48 ./Project_Sources/adc.o
 .debug_frame   0x00000538       0x4c ./cpu/sysinit.o
 .debug_frame   0x00000584       0x8c ./cpu/arm_cm4.o
 .debug_frame   0x00000610       0x80 ./drivers/mcg/mcg.o
 .debug_frame   0x00000690       0x58 ./drivers/uart/uart.o
 .debug_frame   0x000006e8       0x3c C:/Freescale/CW MCU v10.5/MCU/ARM_GCC_Support/ewl/lib/armv7e-m\libc.a(printf.o)
 .debug_frame   0x00000724       0x28 C:/Freescale/CW MCU v10.5/MCU/ARM_GCC_Support/ewl/lib/armv7e-m\libc.a(puts.o)
 .debug_frame   0x0000074c       0x28 C:/Freescale/CW MCU v10.5/MCU/ARM_GCC_Support/ewl/lib/armv7e-m\libc.a(exit.o)
 .debug_frame   0x00000774       0x28 C:/Freescale/CW MCU v10.5/MCU/ARM_GCC_Support/ewl/lib/armv7e-m\libc.a(memset.o)
 .debug_frame   0x0000079c       0x64 C:/Freescale/CW MCU v10.5/MCU/ARM_GCC_Support/ewl/lib/armv7e-m\libc.a(printformat_.o)
 .debug_frame   0x00000800       0x2c C:/Freescale/CW MCU v10.5/MCU/ARM_GCC_Support/ewl/lib/armv7e-m\libc.a(__putchar.o)
 .debug_frame   0x0000082c       0x48 C:/Freescale/CW MCU v10.5/MCU/ARM_GCC_Support/ewl/lib/armv7e-m\libc.a(ansi_files.o)
 .debug_frame   0x00000874       0x64 C:/Freescale/CW MCU v10.5/MCU/ARM_GCC_Support/ewl/lib/armv7e-m\libc.a(fwrite.o)
 .debug_frame   0x000008d8       0x2c C:/Freescale/CW MCU v10.5/MCU/ARM_GCC_Support/ewl/lib/armv7e-m\libc.a(__filll_mem.o)
 .debug_frame   0x00000904       0x28 C:/Freescale/CW MCU v10.5/MCU/ARM_GCC_Support/ewl/lib/armv7e-m\libc.a(__memrchr.o)
 .debug_frame   0x0000092c       0x20 C:/Freescale/CW MCU v10.5/MCU/ARM_GCC_Support/ewl/lib/armv7e-m\libc.a(memchr.o)
 .debug_frame   0x0000094c       0x28 C:/Freescale/CW MCU v10.5/MCU/ARM_GCC_Support/ewl/lib/armv7e-m\libc.a(memcpy.o)
 .debug_frame   0x00000974       0x20 C:/Freescale/CW MCU v10.5/MCU/ARM_GCC_Support/ewl/lib/armv7e-m\libc.a(strchr.o)
 .debug_frame   0x00000994       0x20 C:/Freescale/CW MCU v10.5/MCU/ARM_GCC_Support/ewl/lib/armv7e-m\libc.a(strlen.o)
 .debug_frame   0x000009b4       0x58 C:/Freescale/CW MCU v10.5/MCU/ARM_GCC_Support/ewl/lib/armv7e-m\libc.a(__buffer_io.o)
 .debug_frame   0x00000a0c       0x90 C:/Freescale/CW MCU v10.5/MCU/ARM_GCC_Support/ewl/lib/armv7e-m\libhosted.a(semihosted_console_io.o)
 .debug_frame   0x00000a9c      0x274 C:/Freescale/CW MCU v10.5/MCU/ARM_GCC_Support/ewl/lib/armv7e-m\libhosted.a(semihosted_file_io.o)
 .debug_frame   0x00000d10       0x40 C:/Freescale/CW MCU v10.5/MCU/ARM_GCC_Support/ewl/lib/armv7e-m\librt.a(gcc_ctor_dtor.o)
 .debug_frame   0x00000d50       0x48 C:/Freescale/CW MCU v10.5/MCU/ARM_GCC_Support/ewl/lib/armv7e-m\librt.a(ROMCopy.o)
 .debug_frame   0x00000d98       0xac C:/Freescale/CW MCU v10.5/MCU/ARM_GCC_Support/ewl/lib/armv7e-m\librt.a(__arm_eabi_init.o)
